Archive member included to satisfy reference by file (symbol)

/usr/bin/../lib/gcc/arm-none-eabi/7.3.1/../../../../arm-none-eabi/lib/thumb/v7e-m/fpv4-sp/hard/libc.a(lib_a-abs.o)
                              _build/kobukiActuator.o (abs)
/usr/bin/../lib/gcc/arm-none-eabi/7.3.1/../../../../arm-none-eabi/lib/thumb/v7e-m/fpv4-sp/hard/libc.a(lib_a-exit.o)
                              /usr/bin/../lib/gcc/arm-none-eabi/7.3.1/../../../../arm-none-eabi/lib/thumb/v7e-m/fpv4-sp/hard/crt0.o (exit)
/usr/bin/../lib/gcc/arm-none-eabi/7.3.1/../../../../arm-none-eabi/lib/thumb/v7e-m/fpv4-sp/hard/libc.a(lib_a-impure.o)
                              /usr/bin/../lib/gcc/arm-none-eabi/7.3.1/../../../../arm-none-eabi/lib/thumb/v7e-m/fpv4-sp/hard/libc.a(lib_a-exit.o) (_global_impure_ptr)
/usr/bin/../lib/gcc/arm-none-eabi/7.3.1/../../../../arm-none-eabi/lib/thumb/v7e-m/fpv4-sp/hard/libc.a(lib_a-init.o)
                              /usr/bin/../lib/gcc/arm-none-eabi/7.3.1/../../../../arm-none-eabi/lib/thumb/v7e-m/fpv4-sp/hard/crt0.o (__libc_init_array)
/usr/bin/../lib/gcc/arm-none-eabi/7.3.1/../../../../arm-none-eabi/lib/thumb/v7e-m/fpv4-sp/hard/libc.a(lib_a-locale.o)
                              _build/nrf_log_str_formatter.o (__locale_ctype_ptr)
/usr/bin/../lib/gcc/arm-none-eabi/7.3.1/../../../../arm-none-eabi/lib/thumb/v7e-m/fpv4-sp/hard/libc.a(lib_a-mbtowc_r.o)
                              /usr/bin/../lib/gcc/arm-none-eabi/7.3.1/../../../../arm-none-eabi/lib/thumb/v7e-m/fpv4-sp/hard/libc.a(lib_a-locale.o) (__ascii_mbtowc)
/usr/bin/../lib/gcc/arm-none-eabi/7.3.1/../../../../arm-none-eabi/lib/thumb/v7e-m/fpv4-sp/hard/libc.a(lib_a-memcmp.o)
                              _build/nrf_twi_mngr.o (memcmp)
/usr/bin/../lib/gcc/arm-none-eabi/7.3.1/../../../../arm-none-eabi/lib/thumb/v7e-m/fpv4-sp/hard/libc.a(lib_a-memcpy.o)
                              _build/kobukiUART.o (memcpy)
/usr/bin/../lib/gcc/arm-none-eabi/7.3.1/../../../../arm-none-eabi/lib/thumb/v7e-m/fpv4-sp/hard/libc.a(lib_a-memset.o)
                              /usr/bin/../lib/gcc/arm-none-eabi/7.3.1/../../../../arm-none-eabi/lib/thumb/v7e-m/fpv4-sp/hard/crt0.o (memset)
/usr/bin/../lib/gcc/arm-none-eabi/7.3.1/../../../../arm-none-eabi/lib/thumb/v7e-m/fpv4-sp/hard/libc.a(lib_a-printf.o)
                              _build/main.o (printf)
/usr/bin/../lib/gcc/arm-none-eabi/7.3.1/../../../../arm-none-eabi/lib/thumb/v7e-m/fpv4-sp/hard/libc.a(lib_a-setbuf.o)
                              _build/before_startup.o (setbuf)
/usr/bin/../lib/gcc/arm-none-eabi/7.3.1/../../../../arm-none-eabi/lib/thumb/v7e-m/fpv4-sp/hard/libc.a(lib_a-setvbuf.o)
                              /usr/bin/../lib/gcc/arm-none-eabi/7.3.1/../../../../arm-none-eabi/lib/thumb/v7e-m/fpv4-sp/hard/libc.a(lib_a-setbuf.o) (setvbuf)
/usr/bin/../lib/gcc/arm-none-eabi/7.3.1/../../../../arm-none-eabi/lib/thumb/v7e-m/fpv4-sp/hard/libc.a(lib_a-strcmp.o)
                              /usr/bin/../lib/gcc/arm-none-eabi/7.3.1/../../../../arm-none-eabi/lib/thumb/v7e-m/fpv4-sp/hard/libc.a(lib_a-locale.o) (strcmp)
/usr/bin/../lib/gcc/arm-none-eabi/7.3.1/../../../../arm-none-eabi/lib/thumb/v7e-m/fpv4-sp/hard/libc.a(lib_a-strcpy.o)
                              _build/SEGGER_RTT.o (strcpy)
/usr/bin/../lib/gcc/arm-none-eabi/7.3.1/../../../../arm-none-eabi/lib/thumb/v7e-m/fpv4-sp/hard/libc.a(lib_a-strlen.o)
                              _build/main.o (strlen)
/usr/bin/../lib/gcc/arm-none-eabi/7.3.1/../../../../arm-none-eabi/lib/thumb/v7e-m/fpv4-sp/hard/libc.a(lib_a-vfprintf.o)
                              /usr/bin/../lib/gcc/arm-none-eabi/7.3.1/../../../../arm-none-eabi/lib/thumb/v7e-m/fpv4-sp/hard/libc.a(lib_a-printf.o) (_vfprintf_r)
/usr/bin/../lib/gcc/arm-none-eabi/7.3.1/../../../../arm-none-eabi/lib/thumb/v7e-m/fpv4-sp/hard/libc.a(lib_a-vsnprintf.o)
                              _build/simple_logger.o (vsnprintf)
/usr/bin/../lib/gcc/arm-none-eabi/7.3.1/../../../../arm-none-eabi/lib/thumb/v7e-m/fpv4-sp/hard/libc.a(lib_a-wctomb_r.o)
                              /usr/bin/../lib/gcc/arm-none-eabi/7.3.1/../../../../arm-none-eabi/lib/thumb/v7e-m/fpv4-sp/hard/libc.a(lib_a-locale.o) (__ascii_wctomb)
/usr/bin/../lib/gcc/arm-none-eabi/7.3.1/../../../../arm-none-eabi/lib/thumb/v7e-m/fpv4-sp/hard/libc.a(lib_a-wsetup.o)
                              /usr/bin/../lib/gcc/arm-none-eabi/7.3.1/../../../../arm-none-eabi/lib/thumb/v7e-m/fpv4-sp/hard/libc.a(lib_a-vfprintf.o) (__swsetup_r)
/usr/bin/../lib/gcc/arm-none-eabi/7.3.1/../../../../arm-none-eabi/lib/thumb/v7e-m/fpv4-sp/hard/libc.a(lib_a-__call_atexit.o)
                              /usr/bin/../lib/gcc/arm-none-eabi/7.3.1/../../../../arm-none-eabi/lib/thumb/v7e-m/fpv4-sp/hard/libc.a(lib_a-exit.o) (__call_exitprocs)
/usr/bin/../lib/gcc/arm-none-eabi/7.3.1/../../../../arm-none-eabi/lib/thumb/v7e-m/fpv4-sp/hard/libc.a(lib_a-atexit.o)
[...]
Memory Configuration

Name             Origin             Length             Attributes
FLASH            0x0000000000026000 0x0000000000059000 xr
RAM              0x00000000200098a8 0x0000000000006758 xrw
bootloader_settings_page 0x000000000007f000 0x0000000000001000 r
uicr_bootloader_start_address 0x0000000010001014 0x0000000000000004 r
*default*        0x0000000000000000 0xffffffffffffffff

Linker script and memory map


.text           0x0000000000026000     0xb700
 *(.isr_vector)
 .isr_vector    0x0000000000026000      0x200 _build/gcc_startup_nrf52.os
                0x0000000000026000                __isr_vector
 *(.text*)
 .text          0x0000000000026200       0x40 /usr/bin/../lib/gcc/arm-none-eabi/7.3.1/thumb/v7e-m/fpv4-sp/hard/crtbegin.o
 .text          0x0000000000026240       0x74 /usr/bin/../lib/gcc/arm-none-eabi/7.3.1/../../../../arm-none-eabi/lib/thumb/v7e-m/fpv4-sp/hard/crt0.o
                0x0000000000026240                _mainCRTStartup
                0x0000000000026240                _start
 .text.spi_event_handler
                0x00000000000262b4       0x5c _build/main.o
                0x00000000000262b4                spi_event_handler
 .text.setLED   0x0000000000026310       0x30 _build/main.o
                0x0000000000026310                setLED
 .text.startup.main
                0x0000000000026340      0x120 _build/main.o
                0x0000000000026340                main
 .text.nrf_delay_ms.part.0
                0x0000000000026460       0x1c _build/better_error_handling.o
 .text.app_error_fault_handler
                0x000000000002647c      0x128 _build/better_error_handling.o
                0x000000000002647c                app_error_fault_handler
 .text.HardFault_process
                0x00000000000265a4       0x9a _build/better_error_handling.o
                0x00000000000265a4                HardFault_process
 .text._GetAvailWriteSpace
                0x000000000002663e       0x1c _build/SEGGER_RTT.o
 .text._WriteNoCheck
                0x000000000002665a       0x3a _build/SEGGER_RTT.o
 .text._WriteBlocking
                0x0000000000026694       0x52 _build/SEGGER_RTT.o
 *fill*         0x00000000000266e6        0x2 
 .text._DoInit  0x00000000000266e8       0x60 _build/SEGGER_RTT.o
 .text.SEGGER_RTT_WriteNoLock
                0x0000000000026748       0x68 _build/SEGGER_RTT.o
                0x0000000000026748                SEGGER_RTT_WriteNoLock
 .text.SEGGER_RTT_Write
                0x00000000000267b0       0x3c _build/SEGGER_RTT.o
                0x00000000000267b0                SEGGER_RTT_Write
 .text.SEGGER_RTT_Init
                0x00000000000267ec        0x4 _build/SEGGER_RTT.o
                0x00000000000267ec                SEGGER_RTT_Init
 .text._write_r
                0x00000000000267f0       0x12 _build/SEGGER_RTT_Syscalls_GCC.o
                0x00000000000267f0                _write_r
 .text.app_error_handler
                0x0000000000026802       0x1a _build/app_error_handler_gcc.o
                0x0000000000026802                app_error_handler
 .text.user_op_alloc
                0x000000000002681c       0x2c _build/app_timer.o
 .text.timer_stop_op_schedule
                0x0000000000026848       0x50 _build/app_timer.o
 .text.nrfx_coredep_delay_us.constprop.3
                0x0000000000026898       0x10 _build/app_timer.o
 .text.RTC1_IRQHandler
                0x00000000000268a8       0x9c _build/app_timer.o
                0x00000000000268a8                RTC1_IRQHandler
 .text.SWI0_EGU0_IRQHandler
                0x0000000000026944      0x2a4 _build/app_timer.o
                0x0000000000026944                SWI0_EGU0_IRQHandler
 .text.app_timer_start
                0x0000000000026be8       0x88 _build/app_timer.o
                0x0000000000026be8                app_timer_start
 .text.app_timer_stop
                0x0000000000026c70       0x20 _build/app_timer.o
                0x0000000000026c70                app_timer_stop
 .text.privilege_level_get
                0x0000000000026c90       0x1a _build/app_util_platform.o
                0x0000000000026c90                privilege_level_get
 *fill*         0x0000000000026caa        0x2 
 .text.app_util_critical_region_enter
                0x0000000000026cac       0x60 _build/app_util_platform.o
                0x0000000000026cac                app_util_critical_region_enter
 .text.app_util_critical_region_exit
                0x0000000000026d0c       0x40 _build/app_util_platform.o
                0x0000000000026d0c                app_util_critical_region_exit
 .text.startup.called_first
                0x0000000000026d4c       0x10 _build/before_startup.o
                0x0000000000026d4c                called_first
 .text.HardFault_Handler
                0x0000000000026d5c       0x34 _build/hardfault_handler_gcc.o
                0x0000000000026d5c                HardFault_Handler
 .text.HardFault_c_handler
                0x0000000000026d90      0x104 _build/hardfault_implementation.o
                0x0000000000026d90                HardFault_c_handler
 .text.nrf_atomic_u32_fetch_store
                0x0000000000026e94       0x14 _build/nrf_atomic.o
                0x0000000000026e94                nrf_atomic_u32_fetch_store
 .text.nrf_atomic_u32_or
                0x0000000000026ea8       0x16 _build/nrf_atomic.o
                0x0000000000026ea8                nrf_atomic_u32_or
 .text.nrf_atomic_u32_fetch_and
                0x0000000000026ebe       0x16 _build/nrf_atomic.o
                0x0000000000026ebe                nrf_atomic_u32_fetch_and
 .text.nrf_atomic_u32_add
                0x0000000000026ed4       0x16 _build/nrf_atomic.o
                0x0000000000026ed4                nrf_atomic_u32_add
 .text.nrf_atomic_u32_sub
                0x0000000000026eea       0x16 _build/nrf_atomic.o
                0x0000000000026eea                nrf_atomic_u32_sub
 .text.nrf_atomic_flag_set
                0x0000000000026f00        0x6 _build/nrf_atomic.o
                0x0000000000026f00                nrf_atomic_flag_set
 .text.nrf_atomic_flag_clear_fetch
                0x0000000000026f06        0x6 _build/nrf_atomic.o
                0x0000000000026f06                nrf_atomic_flag_clear_fetch
 .text.nrf_balloc_init
                0x0000000000026f0c       0x7c _build/nrf_balloc.o
                0x0000000000026f0c                nrf_balloc_init
 .text.nrf_balloc_alloc
                0x0000000000026f88       0x5c _build/nrf_balloc.o
                0x0000000000026f88                nrf_balloc_alloc
 .text.nrf_balloc_free
                0x0000000000026fe4       0x50 _build/nrf_balloc.o
                0x0000000000026fe4                nrf_balloc_free
 .text.clock_clk_started_notify
                0x0000000000027034       0x28 _build/nrf_drv_clock.o
 .text.clock_irq_handler
                0x000000000002705c       0x1c _build/nrf_drv_clock.o
 .text.soc_evt_handler
                0x0000000000027078       0x14 _build/nrf_drv_clock.o
 .text.nrf_drv_clock_init
                0x000000000002708c       0x38 _build/nrf_drv_clock.o
                0x000000000002708c                nrf_drv_clock_init
 .text.nrf_drv_clock_lfclk_release
                0x00000000000270c4       0x60 _build/nrf_drv_clock.o
                0x00000000000270c4                nrf_drv_clock_lfclk_release
 .text.sd_state_evt_handler
                0x0000000000027124       0x6c _build/nrf_drv_clock.o
 .text.spim_evt_handler
                0x0000000000027190       0x3c _build/nrf_drv_spi.o
 .text.nrf_drv_spi_init
                0x00000000000271cc       0x80 _build/nrf_drv_spi.o
                0x00000000000271cc                nrf_drv_spi_init
 .text.nrf_fprintf_buffer_flush
                0x000000000002724c       0x24 _build/nrf_fprintf.o
                0x000000000002724c                nrf_fprintf_buffer_flush
 .text.nrf_fprintf
                0x0000000000027270       0x58 _build/nrf_fprintf.o
                0x0000000000027270                nrf_fprintf
 .text.buffer_add
                0x00000000000272c8       0x1e _build/nrf_fprintf_format.o
 *fill*         0x00000000000272e6        0x2 
 .text.unsigned_print
                0x00000000000272e8       0xac _build/nrf_fprintf_format.o
 .text.nrf_fprintf_fmt
                0x0000000000027394      0x2c4 _build/nrf_fprintf_format.o
                0x0000000000027394                nrf_fprintf_fmt
 .text.nrf_log_backend_rtt_flush
                0x0000000000027658        0x2 _build/nrf_log_backend_rtt.o
 *fill*         0x000000000002765a        0x2 
 .text.nrf_log_backend_rtt_put
                0x000000000002765c       0x1c _build/nrf_log_backend_rtt.o
 .text.serial_tx
                0x0000000000027678       0x50 _build/nrf_log_backend_rtt.o
 .text.nrf_log_backend_rtt_panic_set
                0x00000000000276c8        0x2 _build/nrf_log_backend_rtt.o
 .text.nrf_log_backend_rtt_init
                0x00000000000276ca        0x4 _build/nrf_log_backend_rtt.o
                0x00000000000276ca                nrf_log_backend_rtt_init
 .text.nrf_log_backend_serial_put
                0x00000000000276ce       0xcc _build/nrf_log_backend_serial.o
                0x00000000000276ce                nrf_log_backend_serial_put
 *fill*         0x000000000002779a        0x2 
 .text.nrf_log_default_backends_init
                0x000000000002779c       0x30 _build/nrf_log_default_backends.o
                0x000000000002779c                nrf_log_default_backends_init
 .text.invalid_packets_omit
                0x00000000000277cc       0x3a _build/nrf_log_frontend.o
 *fill*         0x0000000000027806        0x2 
 .text.buf_prealloc
                0x0000000000027808      0x138 _build/nrf_log_frontend.o
 .text.nrf_log_init
                0x0000000000027940       0x3c _build/nrf_log_frontend.o
                0x0000000000027940                nrf_log_init
 .text.nrf_log_module_name_get
                0x000000000002797c       0x38 _build/nrf_log_frontend.o
                0x000000000002797c                nrf_log_module_name_get
 .text.nrf_log_color_id_get
                0x00000000000279b4       0x2c _build/nrf_log_frontend.o
                0x00000000000279b4                nrf_log_color_id_get
 .text.buffer_is_empty
                0x00000000000279e0       0x14 _build/nrf_log_frontend.o
                0x00000000000279e0                buffer_is_empty
 .text.nrf_log_frontend_dequeue
                0x00000000000279f4      0x228 _build/nrf_log_frontend.o
                0x00000000000279f4                nrf_log_frontend_dequeue
 .text.std_n    0x0000000000027c1c       0xd8 _build/nrf_log_frontend.o
 .text.nrf_log_frontend_std_0
                0x0000000000027cf4        0x8 _build/nrf_log_frontend.o
                0x0000000000027cf4                nrf_log_frontend_std_0
 .text.nrf_log_frontend_std_1
                0x0000000000027cfc       0x14 _build/nrf_log_frontend.o
                0x0000000000027cfc                nrf_log_frontend_std_1
 .text.nrf_log_frontend_std_2
                0x0000000000027d10       0x14 _build/nrf_log_frontend.o
                0x0000000000027d10                nrf_log_frontend_std_2
 .text.nrf_log_frontend_std_3
                0x0000000000027d24       0x18 _build/nrf_log_frontend.o
                0x0000000000027d24                nrf_log_frontend_std_3
 .text.nrf_log_frontend_std_4
                0x0000000000027d3c       0x1c _build/nrf_log_frontend.o
                0x0000000000027d3c                nrf_log_frontend_std_4
 .text.nrf_log_frontend_hexdump
                0x0000000000027d58       0xd0 _build/nrf_log_frontend.o
                0x0000000000027d58                nrf_log_frontend_hexdump
 .text.nrf_log_backend_add
                0x0000000000027e28       0x54 _build/nrf_log_frontend.o
                0x0000000000027e28                nrf_log_backend_add
 .text.nrf_log_panic
                0x0000000000027e7c       0x2c _build/nrf_log_frontend.o
                0x0000000000027e7c                nrf_log_panic
 .text.postfix_process
                0x0000000000027ea8       0x3c _build/nrf_log_str_formatter.o
 .text.prefix_process
                0x0000000000027ee4       0x78 _build/nrf_log_str_formatter.o
 .text.nrf_log_std_entry_process
                0x0000000000027f5c       0xc8 _build/nrf_log_str_formatter.o
                0x0000000000027f5c                nrf_log_std_entry_process
 .text.nrf_log_hexdump_entry_process
                0x0000000000028024       0xbc _build/nrf_log_str_formatter.o
                0x0000000000028024                nrf_log_hexdump_entry_process
 .text.memobj_op
                0x00000000000280e0       0xa4 _build/nrf_memobj.o
 .text.nrf_memobj_pool_init
                0x0000000000028184        0x4 _build/nrf_memobj.o
                0x0000000000028184                nrf_memobj_pool_init
 .text.nrf_memobj_free
                0x0000000000028188       0x2c _build/nrf_memobj.o
                0x0000000000028188                nrf_memobj_free
 .text.nrf_memobj_alloc
                0x00000000000281b4       0x5e _build/nrf_memobj.o
                0x00000000000281b4                nrf_memobj_alloc
 .text.nrf_memobj_get
                0x0000000000028212        0x8 _build/nrf_memobj.o
                0x0000000000028212                nrf_memobj_get
 .text.nrf_memobj_put
                0x000000000002821a       0x1e _build/nrf_memobj.o
                0x000000000002821a                nrf_memobj_put
 .text.nrf_memobj_write
                0x0000000000028238       0x2c _build/nrf_memobj.o
                0x0000000000028238                nrf_memobj_write
 .text.nrf_memobj_read
                0x0000000000028264       0x2c _build/nrf_memobj.o
                0x0000000000028264                nrf_memobj_read
 .text.nrf_ringbuf_init
                0x0000000000028290       0x1c _build/nrf_ringbuf.o
                0x0000000000028290                nrf_ringbuf_init
 .text.nrf_section_iter_init
                0x00000000000282ac       0x30 _build/nrf_section_iter.o
                0x00000000000282ac                nrf_section_iter_init
 .text.nrf_section_iter_next
                0x00000000000282dc       0x38 _build/nrf_section_iter.o
                0x00000000000282dc                nrf_section_iter_next
 .text.nrf_strerror_find
                0x0000000000028314       0x3c _build/nrf_strerror.o
                0x0000000000028314                nrf_strerror_find
 .text.nrf_strerror_get
                0x0000000000028350       0x14 _build/nrf_strerror.o
                0x0000000000028350                nrf_strerror_get
 .text.nrfx_clock_init
                0x0000000000028364       0x2c _build/nrfx_clock.o
                0x0000000000028364                nrfx_clock_init
 .text.nrfx_clock_enable
                0x0000000000028390       0x3c _build/nrfx_clock.o
                0x0000000000028390                nrfx_clock_enable
 .text.nrfx_clock_lfclk_stop
                0x00000000000283cc       0x30 _build/nrfx_clock.o
                0x00000000000283cc                nrfx_clock_lfclk_stop
 .text.POWER_CLOCK_IRQHandler
                0x00000000000283fc       0x64 _build/nrfx_clock.o
                0x00000000000283fc                POWER_CLOCK_IRQHandler
 .text.nrf_gpiote_event_clear
                0x0000000000028460       0x18 _build/nrfx_gpiote.o
 .text.channel_free
                0x0000000000028478       0x1c _build/nrfx_gpiote.o
 .text.nrf_gpio_pin_port_decode.isra.0.part.1
                0x0000000000028494       0x10 _build/nrfx_gpiote.o
 .text.nrf_gpio_cfg_sense_set
                0x00000000000284a4       0x2e _build/nrfx_gpiote.o
 *fill*         0x00000000000284d2        0x2 
 .text.nrfx_gpiote_init
                0x00000000000284d4       0x6c _build/nrfx_gpiote.o
                0x00000000000284d4                nrfx_gpiote_init
 .text.nrfx_gpiote_is_init
                0x0000000000028540       0x14 _build/nrfx_gpiote.o
                0x0000000000028540                nrfx_gpiote_is_init
 .text.nrfx_gpiote_out_init
                0x0000000000028554      0x11c _build/nrfx_gpiote.o
                0x0000000000028554                nrfx_gpiote_out_init
 .text.nrfx_gpiote_out_set
                0x0000000000028670       0x5c _build/nrfx_gpiote.o
                0x0000000000028670                nrfx_gpiote_out_set
 .text.nrfx_gpiote_out_clear
                0x00000000000286cc       0x5c _build/nrfx_gpiote.o
                0x00000000000286cc                nrfx_gpiote_out_clear
 .text.GPIOTE_IRQHandler
                0x0000000000028728      0x18c _build/nrfx_gpiote.o
                0x0000000000028728                GPIOTE_IRQHandler
 .text.UARTE0_UART0_IRQHandler
                0x00000000000288b4       0x20 _build/nrfx_prs.o
                0x00000000000288b4                UARTE0_UART0_IRQHandler
 .text.nrfx_prs_acquire
                0x00000000000288d4       0x50 _build/nrfx_prs.o
                0x00000000000288d4                nrfx_prs_acquire
 .text.nrf_pwm_event_clear
                0x0000000000028924       0x10 _build/nrfx_pwm.o
 .text.irq_handler
                0x0000000000028934       0x80 _build/nrfx_pwm.o
 .text.PWM0_IRQHandler
                0x00000000000289b4       0x10 _build/nrfx_pwm.o
                0x00000000000289b4                PWM0_IRQHandler
 .text.PWM1_IRQHandler
                0x00000000000289c4       0x10 _build/nrfx_pwm.o
                0x00000000000289c4                PWM1_IRQHandler
 .text.PWM2_IRQHandler
                0x00000000000289d4       0x10 _build/nrfx_pwm.o
                0x00000000000289d4                PWM2_IRQHandler
 .text.nrf_saadc_event_clear
                0x00000000000289e4       0x18 _build/nrfx_saadc.o
 .text.SAADC_IRQHandler
                0x00000000000289fc      0x164 _build/nrfx_saadc.o
                0x00000000000289fc                SAADC_IRQHandler
 .text.nrf_gpio_pin_port_decode.isra.0.part.1
                0x0000000000028b60       0x10 _build/nrfx_spim.o
 .text.nrf_gpio_pin_clear
                0x0000000000028b70       0x1c _build/nrfx_spim.o
 .text.nrf_gpio_pin_set
                0x0000000000028b8c       0x1c _build/nrfx_spim.o
 .text.irq_handler.part.2
                0x0000000000028ba8       0x50 _build/nrfx_spim.o
 .text.SPIM2_SPIS2_SPI2_IRQHandler
                0x0000000000028bf8       0x18 _build/nrfx_spim.o
                0x0000000000028bf8                SPIM2_SPIS2_SPI2_IRQHandler
 .text.SPIM1_SPIS1_TWIM1_TWIS1_SPI1_TWI1_IRQHandler
                0x0000000000028c10       0x18 _build/nrfx_spim.o
                0x0000000000028c10                SPIM1_SPIS1_TWIM1_TWIS1_SPI1_TWI1_IRQHandler
 .text.nrfx_spim_init
                0x0000000000028c28      0x220 _build/nrfx_spim.o
                0x0000000000028c28                nrfx_spim_init
 .text.nrfx_spim_xfer
                0x0000000000028e48      0x170 _build/nrfx_spim.o
                0x0000000000028e48                nrfx_spim_xfer
 .text.irq_handler.constprop.0
                0x0000000000028fb8       0x4c _build/nrfx_timer.o
 .text.TIMER0_IRQHandler
                0x0000000000029004       0x10 _build/nrfx_timer.o
                0x0000000000029004                TIMER0_IRQHandler
 .text.TIMER1_IRQHandler
                0x0000000000029014       0x10 _build/nrfx_timer.o
                0x0000000000029014                TIMER1_IRQHandler
 .text.nrf_twim_event_clear
                0x0000000000029024       0x10 _build/nrfx_twim.o
 .text.SPIM0_SPIS0_TWIM0_TWIS0_SPI0_TWI0_IRQHandler
                0x0000000000029034      0x158 _build/nrfx_twim.o
                0x0000000000029034                SPIM0_SPIS0_TWIM0_TWIS0_SPI0_TWI0_IRQHandler
 .text.ble_advdata_search
                0x000000000002918c       0x38 _build/ble_advdata.o
                0x000000000002918c                ble_advdata_search
 .text.ble_advdata_parse
                0x00000000000291c4       0x20 _build/ble_advdata.o
                0x00000000000291c4                ble_advdata_parse
 .text.sd_ble_gap_adv_set_configure
                0x00000000000291e4        0x4 _build/ble_advertising.o
 .text.sd_ble_gap_adv_start
                0x00000000000291e8        0x4 _build/ble_advertising.o
 .text.flags_set
                0x00000000000291ec       0x2c _build/ble_advertising.o
 .text.ble_advertising_start
                0x0000000000029218      0x21c _build/ble_advertising.o
                0x0000000000029218                ble_advertising_start
 .text.ble_advertising_on_ble_evt
                0x0000000000029434       0x6a _build/ble_advertising.o
                0x0000000000029434                ble_advertising_on_ble_evt
 .text.ble_advertising_on_sys_evt
                0x000000000002949e        0x2 _build/ble_advertising.o
                0x000000000002949e                ble_advertising_on_sys_evt
 .text.instance_get
                0x00000000000294a0       0x14 _build/ble_conn_params.o
 .text.send_error_evt
                0x00000000000294b4       0x10 _build/ble_conn_params.o
 .text.conn_params_negotiation
                0x00000000000294c4       0x48 _build/ble_conn_params.o
 .text.is_conn_params_ok.constprop.3
                0x000000000002950c       0x3a _build/ble_conn_params.o
 *fill*         0x0000000000029546        0x2 
 .text.ble_evt_handler
                0x0000000000029548       0xe0 _build/ble_conn_params.o
 .text.ble_srv_is_notification_enabled
                0x0000000000029628        0x8 _build/ble_srv_common.o
                0x0000000000029628                ble_srv_is_notification_enabled
 .text.sd_ble_gap_data_length_update
                0x0000000000029630        0x4 _build/nrf_ble_gatt.o
 .text.sd_ble_gattc_exchange_mtu_request
                0x0000000000029634        0x4 _build/nrf_ble_gatt.o
 .text.sd_ble_gatts_exchange_mtu_reply
                0x0000000000029638        0x4 _build/nrf_ble_gatt.o
 .text.data_length_update
                0x000000000002963c       0x7c _build/nrf_ble_gatt.o
 .text.nrf_ble_gatt_on_ble_evt
                0x00000000000296b8      0x1b0 _build/nrf_ble_gatt.o
                0x00000000000296b8                nrf_ble_gatt_on_ble_evt
 .text.sd_ble_gatts_rw_authorize_reply
                0x0000000000029868        0x4 _build/nrf_ble_qwr.o
 .text.sd_ble_user_mem_reply
                0x000000000002986c        0x4 _build/nrf_ble_qwr.o
 .text.user_mem_reply.part.0
                0x0000000000029870       0x24 _build/nrf_ble_qwr.o
 .text.nrf_ble_qwr_conn_handle_assign
                0x0000000000029894       0x16 _build/nrf_ble_qwr.o
                0x0000000000029894                nrf_ble_qwr_conn_handle_assign
 .text.nrf_ble_qwr_on_ble_evt
                0x00000000000298aa       0xa0 _build/nrf_ble_qwr.o
                0x00000000000298aa                nrf_ble_qwr_on_ble_evt
 *fill*         0x000000000002994a        0x2 
 .text.nrf_sdh_is_enabled
                0x000000000002994c        0xc _build/nrf_sdh.o
                0x000000000002994c                nrf_sdh_is_enabled
 .text.nrf_sdh_evts_poll
                0x0000000000029958       0x28 _build/nrf_sdh.o
                0x0000000000029958                nrf_sdh_evts_poll
 .text.SWI2_EGU2_IRQHandler
                0x0000000000029980        0x4 _build/nrf_sdh.o
                0x0000000000029980                SWI2_EGU2_IRQHandler
 .text.sd_ble_evt_get
                0x0000000000029984        0x4 _build/nrf_sdh_ble.o
 .text.nrf_sdh_ble_evts_poll.part.0
                0x0000000000029988       0x58 _build/nrf_sdh_ble.o
 .text.nrf_sdh_ble_evts_poll
                0x00000000000299e0       0x10 _build/nrf_sdh_ble.o
 .text.sd_ble_gap_disconnect
                0x00000000000299f0        0x4 _build/simple_ble.o
 .text.sd_ble_gap_sec_params_reply
                0x00000000000299f4        0x4 _build/simple_ble.o
 .text.sd_ble_gap_sec_info_reply
                0x00000000000299f8        0x4 _build/simple_ble.o
 .text.sd_ble_gap_scan_start
                0x00000000000299fc        0x4 _build/simple_ble.o
 .text.sd_ble_gap_phy_update
                0x0000000000029a00        0x4 _build/simple_ble.o
 .text.sd_ble_gatts_sys_attr_set
                0x0000000000029a04        0x4 _build/simple_ble.o
 .text.sd_power_system_off
                0x0000000000029a08        0x4 _build/simple_ble.o
 .text.on_ble_evt
                0x0000000000029a0c      0x1d0 _build/simple_ble.o
 .text.assert_nrf_callback
                0x0000000000029bdc       0x20 _build/simple_ble.o
                0x0000000000029bdc                assert_nrf_callback
 .text.errata_12
                0x0000000000029bfc       0x40 _build/system_nrf52.o
 .text.errata_16
                0x0000000000029c3c       0x34 _build/system_nrf52.o
 .text.SystemInit
                0x0000000000029c70      0x25c _build/system_nrf52.o
                0x0000000000029c70                SystemInit
 .text          0x0000000000029ecc       0x3c _build/gcc_startup_nrf52.os
                0x0000000000029ecc                Reset_Handler
                0x0000000000029ef4                NMI_Handler
                0x0000000000029ef8                MemoryManagement_Handler
                0x0000000000029efa                BusFault_Handler
                0x0000000000029efc                UsageFault_Handler
                0x0000000000029efe                SVC_Handler
                0x0000000000029f00                DebugMon_Handler
                0x0000000000029f02                PendSV_Handler
                0x0000000000029f04                SysTick_Handler
                0x0000000000029f06                TIMER2_IRQHandler
                0x0000000000029f06                RTC0_IRQHandler
                0x0000000000029f06                RADIO_IRQHandler
                0x0000000000029f06                PDM_IRQHandler
                0x0000000000029f06                TEMP_IRQHandler
                0x0000000000029f06                QDEC_IRQHandler
                0x0000000000029f06                TIMER3_IRQHandler
                0x0000000000029f06                FPU_IRQHandler
                0x0000000000029f06                TIMER4_IRQHandler
                0x0000000000029f06                I2S_IRQHandler
                0x0000000000029f06                SWI4_EGU4_IRQHandler
                0x0000000000029f06                ECB_IRQHandler
                0x0000000000029f06                Default_Handler
                0x0000000000029f06                CCM_AAR_IRQHandler
                0x0000000000029f06                WDT_IRQHandler
                0x0000000000029f06                SWI5_EGU5_IRQHandler
                0x0000000000029f06                RNG_IRQHandler
                0x0000000000029f06                RTC2_IRQHandler
                0x0000000000029f06                SWI3_EGU3_IRQHandler
                0x0000000000029f06                SWI1_EGU1_IRQHandler
                0x0000000000029f06                NFCT_IRQHandler
                0x0000000000029f06                MWU_IRQHandler
                0x0000000000029f06                COMP_LPCOMP_IRQHandler
 .text.exit     0x0000000000029f08       0x20 /usr/bin/../lib/gcc/arm-none-eabi/7.3.1/../../../../arm-none-eabi/lib/thumb/v7e-m/fpv4-sp/hard/libc.a(lib_a-exit.o)
                0x0000000000029f08                exit
 .text.__libc_init_array
                0x0000000000029f28       0x48 /usr/bin/../lib/gcc/arm-none-eabi/7.3.1/../../../../arm-none-eabi/lib/thumb/v7e-m/fpv4-sp/hard/libc.a(lib_a-init.o)
                0x0000000000029f28                __libc_init_array
 .text.__locale_mb_cur_max
                0x0000000000029f70       0x1c /usr/bin/../lib/gcc/arm-none-eabi/7.3.1/../../../../arm-none-eabi/lib/thumb/v7e-m/fpv4-sp/hard/libc.a(lib_a-locale.o)
                0x0000000000029f70                __locale_mb_cur_max
 .text.__locale_ctype_ptr
                0x0000000000029f8c       0x1c /usr/bin/../lib/gcc/arm-none-eabi/7.3.1/../../../../arm-none-eabi/lib/thumb/v7e-m/fpv4-sp/hard/libc.a(lib_a-locale.o)
                0x0000000000029f8c                __locale_ctype_ptr
 .text.__ascii_mbtowc
                0x0000000000029fa8       0x2c /usr/bin/../lib/gcc/arm-none-eabi/7.3.1/../../../../arm-none-eabi/lib/thumb/v7e-m/fpv4-sp/hard/libc.a(lib_a-mbtowc_r.o)
                0x0000000000029fa8                __ascii_mbtowc
 .text          0x0000000000029fd4      0x134 /usr/bin/../lib/gcc/arm-none-eabi/7.3.1/../../../../arm-none-eabi/lib/thumb/v7e-m/fpv4-sp/hard/libc.a(lib_a-memcpy.o)
                0x0000000000029fd4                memcpy
 .text.memset   0x000000000002a108       0x94 /usr/bin/../lib/gcc/arm-none-eabi/7.3.1/../../../../arm-none-eabi/lib/thumb/v7e-m/fpv4-sp/hard/libc.a(lib_a-memset.o)
                0x000000000002a108                memset
 .text.printf   0x000000000002a19c       0x28 /usr/bin/../lib/gcc/arm-none-eabi/7.3.1/../../../../arm-none-eabi/lib/thumb/v7e-m/fpv4-sp/hard/libc.a(lib_a-printf.o)
                0x000000000002a19c                printf
 .text.setbuf   0x000000000002a1c4       0x10 /usr/bin/../lib/gcc/arm-none-eabi/7.3.1/../../../../arm-none-eabi/lib/thumb/v7e-m/fpv4-sp/hard/libc.a(lib_a-setbuf.o)
                0x000000000002a1c4                setbuf
 .text.setvbuf  0x000000000002a1d4      0x180 /usr/bin/../lib/gcc/arm-none-eabi/7.3.1/../../../../arm-none-eabi/lib/thumb/v7e-m/fpv4-sp/hard/libc.a(lib_a-setvbuf.o)
                0x000000000002a1d4                setvbuf
 .text.strcpy   0x000000000002a354       0xbc /usr/bin/../lib/gcc/arm-none-eabi/7.3.1/../../../../arm-none-eabi/lib/thumb/v7e-m/fpv4-sp/hard/libc.a(lib_a-strcpy.o)
                0x000000000002a354                strcpy
 *fill*         0x000000000002a410       0x30 
 .text          0x000000000002a440       0xdc /usr/bin/../lib/gcc/arm-none-eabi/7.3.1/../../../../arm-none-eabi/lib/thumb/v7e-m/fpv4-sp/hard/libc.a(lib_a-strlen.o)
                0x000000000002a440                strlen
 *fill*         0x000000000002a51c        0x4 
 .text._vfprintf_r
                0x000000000002a520     0x1a7c /usr/bin/../lib/gcc/arm-none-eabi/7.3.1/../../../../arm-none-eabi/lib/thumb/v7e-m/fpv4-sp/hard/libc.a(lib_a-vfprintf.o)
                0x000000000002a520                _vfprintf_r
 .text.__sbprintf
                0x000000000002bf9c       0x84 /usr/bin/../lib/gcc/arm-none-eabi/7.3.1/../../../../arm-none-eabi/lib/thumb/v7e-m/fpv4-sp/hard/libc.a(lib_a-vfprintf.o)
 .text.__ascii_wctomb
                0x000000000002c020       0x1c /usr/bin/../lib/gcc/arm-none-eabi/7.3.1/../../../../arm-none-eabi/lib/thumb/v7e-m/fpv4-sp/hard/libc.a(lib_a-wctomb_r.o)
                0x000000000002c020                __ascii_wctomb
 .text.__swsetup_r
                0x000000000002c03c       0xcc /usr/bin/../lib/gcc/arm-none-eabi/7.3.1/../../../../arm-none-eabi/lib/thumb/v7e-m/fpv4-sp/hard/libc.a(lib_a-wsetup.o)
                0x000000000002c03c                __swsetup_r
 .text.startup.register_fini
                0x000000000002c108       0x14 /usr/bin/../lib/gcc/arm-none-eabi/7.3.1/../../../../arm-none-eabi/lib/thumb/v7e-m/fpv4-sp/hard/libc.a(lib_a-__call_atexit.o)
 .text.__call_exitprocs
                0x000000000002c11c       0xe8 /usr/bin/../lib/gcc/arm-none-eabi/7.3.1/../../../../arm-none-eabi/lib/thumb/v7e-m/fpv4-sp/hard/libc.a(lib_a-__call_atexit.o)
                0x000000000002c11c                __call_exitprocs
 .text.atexit   0x000000000002c204        0xc /usr/bin/../lib/gcc/arm-none-eabi/7.3.1/../../../../arm-none-eabi/lib/thumb/v7e-m/fpv4-sp/hard/libc.a(lib_a-atexit.o)
                0x000000000002c204                atexit
 .text.quorem   0x000000000002c210      0x124 /usr/bin/../lib/gcc/arm-none-eabi/7.3.1/../../../../arm-none-eabi/lib/thumb/v7e-m/fpv4-sp/hard/libc.a(lib_a-dtoa.o)
 *fill*         0x000000000002c334        0x4 
 .text._dtoa_r  0x000000000002c338      0xe20 /usr/bin/../lib/gcc/arm-none-eabi/7.3.1/../../../../arm-none-eabi/lib/thumb/v7e-m/fpv4-sp/hard/libc.a(lib_a-dtoa.o)
                0x000000000002c338                _dtoa_r
 .text.__sflush_r
                0x000000000002d158      0x154 /usr/bin/../lib/gcc/arm-none-eabi/7.3.1/../../../../arm-none-eabi/lib/thumb/v7e-m/fpv4-sp/hard/libc.a(lib_a-fflush.o)
                0x000000000002d158                __sflush_r
 .text._fflush_r
                0x000000000002d2ac       0x5c /usr/bin/../lib/gcc/arm-none-eabi/7.3.1/../../../../arm-none-eabi/lib/thumb/v7e-m/fpv4-sp/hard/libc.a(lib_a-fflush.o)
                0x000000000002d2ac                _fflush_r
 .text.std      0x000000000002d308       0x50 /usr/bin/../lib/gcc/arm-none-eabi/7.3.1/../../../../arm-none-eabi/lib/thumb/v7e-m/fpv4-sp/hard/libc.a(lib_a-findfp.o)
 .text._cleanup_r
                0x000000000002d358        0xc /usr/bin/../lib/gcc/arm-none-eabi/7.3.1/../../../../arm-none-eabi/lib/thumb/v7e-m/fpv4-sp/hard/libc.a(lib_a-findfp.o)
                0x000000000002d358                _cleanup_r
 .text.__sinit  0x000000000002d364       0x58 /usr/bin/../lib/gcc/arm-none-eabi/7.3.1/../../../../arm-none-eabi/lib/thumb/v7e-m/fpv4-sp/hard/libc.a(lib_a-findfp.o)
                0x000000000002d364                __sinit
 .text.__sfp_lock_acquire
                0x000000000002d3bc        0xc /usr/bin/../lib/gcc/arm-none-eabi/7.3.1/../../../../arm-none-eabi/lib/thumb/v7e-m/fpv4-sp/hard/libc.a(lib_a-findfp.o)
                0x000000000002d3bc                __sfp_lock_acquire
 .text.__sfp_lock_release
                0x000000000002d3c8        0xc /usr/bin/../lib/gcc/arm-none-eabi/7.3.1/../../../../arm-none-eabi/lib/thumb/v7e-m/fpv4-sp/hard/libc.a(lib_a-findfp.o)
                0x000000000002d3c8                __sfp_lock_release
 .text.__libc_fini_array
                0x000000000002d3d4       0x34 /usr/bin/../lib/gcc/arm-none-eabi/7.3.1/../../../../arm-none-eabi/lib/thumb/v7e-m/fpv4-sp/hard/libc.a(lib_a-fini.o)
                0x000000000002d3d4                __libc_fini_array
 .text._malloc_trim_r
                0x000000000002d408       0xa0 /usr/bin/../lib/gcc/arm-none-eabi/7.3.1/../../../../arm-none-eabi/lib/thumb/v7e-m/fpv4-sp/hard/libc.a(lib_a-freer.o)
                0x000000000002d408                _malloc_trim_r
 .text._free_r  0x000000000002d4a8      0x1e8 /usr/bin/../lib/gcc/arm-none-eabi/7.3.1/../../../../arm-none-eabi/lib/thumb/v7e-m/fpv4-sp/hard/libc.a(lib_a-freer.o)
                0x000000000002d4a8                _free_r
 .text._fwalk_reent
                0x000000000002d690       0x54 /usr/bin/../lib/gcc/arm-none-eabi/7.3.1/../../../../arm-none-eabi/lib/thumb/v7e-m/fpv4-sp/hard/libc.a(lib_a-fwalk.o)
                0x000000000002d690                _fwalk_reent
 .text._localeconv_r
                0x000000000002d6e4       0x1c /usr/bin/../lib/gcc/arm-none-eabi/7.3.1/../../../../arm-none-eabi/lib/thumb/v7e-m/fpv4-sp/hard/libc.a(lib_a-localeconv.o)
                0x000000000002d6e4                _localeconv_r
 .text.__retarget_lock_init_recursive
                0x000000000002d700        0x4 /usr/bin/../lib/gcc/arm-none-eabi/7.3.1/../../../../arm-none-eabi/lib/thumb/v7e-m/fpv4-sp/hard/libc.a(lib_a-lock.o)
                0x000000000002d700                __retarget_lock_init_recursive
 .text.__retarget_lock_close_recursive
                0x000000000002d704        0x4 /usr/bin/../lib/gcc/arm-none-eabi/7.3.1/../../../../arm-none-eabi/lib/thumb/v7e-m/fpv4-sp/hard/libc.a(lib_a-lock.o)
                0x000000000002d704                __retarget_lock_close_recursive
 .text.__retarget_lock_acquire_recursive
                0x000000000002d708        0x4 /usr/bin/../lib/gcc/arm-none-eabi/7.3.1/../../../../arm-none-eabi/lib/thumb/v7e-m/fpv4-sp/hard/libc.a(lib_a-lock.o)
                0x000000000002d708                __retarget_lock_acquire_recursive
 .text.__retarget_lock_release_recursive
                0x000000000002d70c        0x4 /usr/bin/../lib/gcc/arm-none-eabi/7.3.1/../../../../arm-none-eabi/lib/thumb/v7e-m/fpv4-sp/hard/libc.a(lib_a-lock.o)
                0x000000000002d70c                __retarget_lock_release_recursive
 .text.__swhatbuf_r
                0x000000000002d710       0x5c /usr/bin/../lib/gcc/arm-none-eabi/7.3.1/../../../../arm-none-eabi/lib/thumb/v7e-m/fpv4-sp/hard/libc.a(lib_a-makebuf.o)
                0x000000000002d710                __swhatbuf_r
 .text.__smakebuf_r
                0x000000000002d76c       0x94 /usr/bin/../lib/gcc/arm-none-eabi/7.3.1/../../../../arm-none-eabi/lib/thumb/v7e-m/fpv4-sp/hard/libc.a(lib_a-makebuf.o)
                0x000000000002d76c                __smakebuf_r
 .text.malloc   0x000000000002d800       0x10 /usr/bin/../lib/gcc/arm-none-eabi/7.3.1/../../../../arm-none-eabi/lib/thumb/v7e-m/fpv4-sp/hard/libc.a(lib_a-malloc.o)
                0x000000000002d800                malloc
 .text.free     0x000000000002d810       0x10 /usr/bin/../lib/gcc/arm-none-eabi/7.3.1/../../../../arm-none-eabi/lib/thumb/v7e-m/fpv4-sp/hard/libc.a(lib_a-malloc.o)
                0x000000000002d810                free
 .text._malloc_r
                0x000000000002d820      0x548 /usr/bin/../lib/gcc/arm-none-eabi/7.3.1/../../../../arm-none-eabi/lib/thumb/v7e-m/fpv4-sp/hard/libc.a(lib_a-mallocr.o)
                0x000000000002d820                _malloc_r
 *fill*         0x000000000002dd68        0x8 
 .text          0x000000000002dd70       0xa0 /usr/bin/../lib/gcc/arm-none-eabi/7.3.1/../../../../arm-none-eabi/lib/thumb/v7e-m/fpv4-sp/hard/libc.a(lib_a-memchr.o)
                0x000000000002dd70                memchr
 .text.__malloc_lock
                0x000000000002de10        0xc /usr/bin/../lib/gcc/arm-none-eabi/7.3.1/../../../../arm-none-eabi/lib/thumb/v7e-m/fpv4-sp/hard/libc.a(lib_a-mlock.o)
                0x000000000002de10                __malloc_lock
 .text.__malloc_unlock
                0x000000000002de1c        0xc /usr/bin/../lib/gcc/arm-none-eabi/7.3.1/../../../../arm-none-eabi/lib/thumb/v7e-m/fpv4-sp/hard/libc.a(lib_a-mlock.o)
                0x000000000002de1c                __malloc_unlock
 .text._Balloc  0x000000000002de28       0x4c /usr/bin/../lib/gcc/arm-none-eabi/7.3.1/../../../../arm-none-eabi/lib/thumb/v7e-m/fpv4-sp/hard/libc.a(lib_a-mprec.o)
                0x000000000002de28                _Balloc
 .text._Bfree   0x000000000002de74       0x14 /usr/bin/../lib/gcc/arm-none-eabi/7.3.1/../../../../arm-none-eabi/lib/thumb/v7e-m/fpv4-sp/hard/libc.a(lib_a-mprec.o)
                0x000000000002de74                _Bfree
 .text.__multadd
                0x000000000002de88       0x80 /usr/bin/../lib/gcc/arm-none-eabi/7.3.1/../../../../arm-none-eabi/lib/thumb/v7e-m/fpv4-sp/hard/libc.a(lib_a-mprec.o)
                0x000000000002de88                __multadd
 .text.__hi0bits
                0x000000000002df08       0x40 /usr/bin/../lib/gcc/arm-none-eabi/7.3.1/../../../../arm-none-eabi/lib/thumb/v7e-m/fpv4-sp/hard/libc.a(lib_a-mprec.o)
                0x000000000002df08                __hi0bits
 .text.__lo0bits
                0x000000000002df48       0x60 /usr/bin/../lib/gcc/arm-none-eabi/7.3.1/../../../../arm-none-eabi/lib/thumb/v7e-m/fpv4-sp/hard/libc.a(lib_a-mprec.o)
                0x000000000002df48                __lo0bits
 .text.__i2b    0x000000000002dfa8       0x14 /usr/bin/../lib/gcc/arm-none-eabi/7.3.1/../../../../arm-none-eabi/lib/thumb/v7e-m/fpv4-sp/hard/libc.a(lib_a-mprec.o)
                0x000000000002dfa8                __i2b
 .text.__multiply
                0x000000000002dfbc      0x14c /usr/bin/../lib/gcc/arm-none-eabi/7.3.1/../../../../arm-none-eabi/lib/thumb/v7e-m/fpv4-sp/hard/libc.a(lib_a-mprec.o)
                0x000000000002dfbc                __multiply
 .text.__pow5mult
                0x000000000002e108       0xa0 /usr/bin/../lib/gcc/arm-none-eabi/7.3.1/../../../../arm-none-eabi/lib/thumb/v7e-m/fpv4-sp/hard/libc.a(lib_a-mprec.o)
                0x000000000002e108                __pow5mult
 .text.__lshift
                0x000000000002e1a8       0xac /usr/bin/../lib/gcc/arm-none-eabi/7.3.1/../../../../arm-none-eabi/lib/thumb/v7e-m/fpv4-sp/hard/libc.a(lib_a-mprec.o)
                0x000000000002e1a8                __lshift
 .text.__mcmp   0x000000000002e254       0x38 /usr/bin/../lib/gcc/arm-none-eabi/7.3.1/../../../../arm-none-eabi/lib/thumb/v7e-m/fpv4-sp/hard/libc.a(lib_a-mprec.o)
                0x000000000002e254                __mcmp
 .text.__mdiff  0x000000000002e28c       0xec /usr/bin/../lib/gcc/arm-none-eabi/7.3.1/../../../../arm-none-eabi/lib/thumb/v7e-m/fpv4-sp/hard/libc.a(lib_a-mprec.o)
                0x000000000002e28c                __mdiff
 .text.__d2b    0x000000000002e378       0xc4 /usr/bin/../lib/gcc/arm-none-eabi/7.3.1/../../../../arm-none-eabi/lib/thumb/v7e-m/fpv4-sp/hard/libc.a(lib_a-mprec.o)
                0x000000000002e378                __d2b
 .text.frexp    0x000000000002e43c       0x68 /usr/bin/../lib/gcc/arm-none-eabi/7.3.1/../../../../arm-none-eabi/lib/thumb/v7e-m/fpv4-sp/hard/libc.a(lib_a-s_frexp.o)
                0x000000000002e43c                frexp
 .text._sbrk_r  0x000000000002e4a4       0x24 /usr/bin/../lib/gcc/arm-none-eabi/7.3.1/../../../../arm-none-eabi/lib/thumb/v7e-m/fpv4-sp/hard/libc.a(lib_a-sbrkr.o)
                0x000000000002e4a4                _sbrk_r
 .text.__sread  0x000000000002e4c8       0x24 /usr/bin/../lib/gcc/arm-none-eabi/7.3.1/../../../../arm-none-eabi/lib/thumb/v7e-m/fpv4-sp/hard/libc.a(lib_a-stdio.o)
                0x000000000002e4c8                __sread
 .text.__swrite
                0x000000000002e4ec       0x3c /usr/bin/../lib/gcc/arm-none-eabi/7.3.1/../../../../arm-none-eabi/lib/thumb/v7e-m/fpv4-sp/hard/libc.a(lib_a-stdio.o)
                0x000000000002e4ec                __swrite
 .text.__sseek  0x000000000002e528       0x20 /usr/bin/../lib/gcc/arm-none-eabi/7.3.1/../../../../arm-none-eabi/lib/thumb/v7e-m/fpv4-sp/hard/libc.a(lib_a-stdio.o)
                0x000000000002e528                __sseek
 .text.__sclose
                0x000000000002e548        0x8 /usr/bin/../lib/gcc/arm-none-eabi/7.3.1/../../../../arm-none-eabi/lib/thumb/v7e-m/fpv4-sp/hard/libc.a(lib_a-stdio.o)
                0x000000000002e548                __sclose
 .text.strncpy  0x000000000002e550       0x64 /usr/bin/../lib/gcc/arm-none-eabi/7.3.1/../../../../arm-none-eabi/lib/thumb/v7e-m/fpv4-sp/hard/libc.a(lib_a-strncpy.o)
                0x000000000002e550                strncpy
 .text.__sprint_r.part.0
                0x000000000002e5b4       0x78 /usr/bin/../lib/gcc/arm-none-eabi/7.3.1/../../../../arm-none-eabi/lib/thumb/v7e-m/fpv4-sp/hard/libc.a(lib_a-vfiprintf.o)
 .text.__sprint_r
                0x000000000002e62c       0x14 /usr/bin/../lib/gcc/arm-none-eabi/7.3.1/../../../../arm-none-eabi/lib/thumb/v7e-m/fpv4-sp/hard/libc.a(lib_a-vfiprintf.o)
                0x000000000002e62c                __sprint_r
 .text.__register_exitproc
                0x000000000002e640       0xc0 /usr/bin/../lib/gcc/arm-none-eabi/7.3.1/../../../../arm-none-eabi/lib/thumb/v7e-m/fpv4-sp/hard/libc.a(lib_a-__atexit.o)
                0x000000000002e640                __register_exitproc
 .text._calloc_r
                0x000000000002e700       0x68 /usr/bin/../lib/gcc/arm-none-eabi/7.3.1/../../../../arm-none-eabi/lib/thumb/v7e-m/fpv4-sp/hard/libc.a(lib_a-callocr.o)
                0x000000000002e700                _calloc_r
 .text._close_r
                0x000000000002e768       0x24 /usr/bin/../lib/gcc/arm-none-eabi/7.3.1/../../../../arm-none-eabi/lib/thumb/v7e-m/fpv4-sp/hard/libc.a(lib_a-closer.o)
                0x000000000002e768                _close_r
 .text._fclose_r
                0x000000000002e78c       0xd0 /usr/bin/../lib/gcc/arm-none-eabi/7.3.1/../../../../arm-none-eabi/lib/thumb/v7e-m/fpv4-sp/hard/libc.a(lib_a-fclose.o)
                0x000000000002e78c                _fclose_r
 .text.__fputwc
                0x000000000002e85c       0xa0 /usr/bin/../lib/gcc/arm-none-eabi/7.3.1/../../../../arm-none-eabi/lib/thumb/v7e-m/fpv4-sp/hard/libc.a(lib_a-fputwc.o)
                0x000000000002e85c                __fputwc
 .text._fputwc_r
                0x000000000002e8fc       0x64 /usr/bin/../lib/gcc/arm-none-eabi/7.3.1/../../../../arm-none-eabi/lib/thumb/v7e-m/fpv4-sp/hard/libc.a(lib_a-fputwc.o)
                0x000000000002e8fc                _fputwc_r
 .text._fstat_r
                0x000000000002e960       0x28 /usr/bin/../lib/gcc/arm-none-eabi/7.3.1/../../../../arm-none-eabi/lib/thumb/v7e-m/fpv4-sp/hard/libc.a(lib_a-fstatr.o)
                0x000000000002e960                _fstat_r
 .text.__sfvwrite_r
                0x000000000002e988      0x2fc /usr/bin/../lib/gcc/arm-none-eabi/7.3.1/../../../../arm-none-eabi/lib/thumb/v7e-m/fpv4-sp/hard/libc.a(lib_a-fvwrite.o)
                0x000000000002e988                __sfvwrite_r
 .text._isatty_r
                0x000000000002ec84       0x24 /usr/bin/../lib/gcc/arm-none-eabi/7.3.1/../../../../arm-none-eabi/lib/thumb/v7e-m/fpv4-sp/hard/libc.a(lib_a-isattyr.o)
                0x000000000002ec84                _isatty_r
 .text._lseek_r
                0x000000000002eca8       0x2c /usr/bin/../lib/gcc/arm-none-eabi/7.3.1/../../../../arm-none-eabi/lib/thumb/v7e-m/fpv4-sp/hard/libc.a(lib_a-lseekr.o)
                0x000000000002eca8                _lseek_r
 .text.memmove  0x000000000002ecd4       0xc8 /usr/bin/../lib/gcc/arm-none-eabi/7.3.1/../../../../arm-none-eabi/lib/thumb/v7e-m/fpv4-sp/hard/libc.a(lib_a-memmove.o)
                0x000000000002ecd4                memmove
 .text._read_r  0x000000000002ed9c       0x2c /usr/bin/../lib/gcc/arm-none-eabi/7.3.1/../../../../arm-none-eabi/lib/thumb/v7e-m/fpv4-sp/hard/libc.a(lib_a-readr.o)
                0x000000000002ed9c                _read_r
 .text._realloc_r
                0x000000000002edc8      0x35c /usr/bin/../lib/gcc/arm-none-eabi/7.3.1/../../../../arm-none-eabi/lib/thumb/v7e-m/fpv4-sp/hard/libc.a(lib_a-reallocr.o)
                0x000000000002edc8                _realloc_r
 .text.__swbuf_r
                0x000000000002f124       0xb0 /usr/bin/../lib/gcc/arm-none-eabi/7.3.1/../../../../arm-none-eabi/lib/thumb/v7e-m/fpv4-sp/hard/libc.a(lib_a-wbuf.o)
                0x000000000002f124                __swbuf_r
 .text._wcrtomb_r
                0x000000000002f1d4       0x50 /usr/bin/../lib/gcc/arm-none-eabi/7.3.1/../../../../arm-none-eabi/lib/thumb/v7e-m/fpv4-sp/hard/libc.a(lib_a-wcrtomb.o)
                0x000000000002f1d4                _wcrtomb_r
 .text._close   0x000000000002f224       0x10 /usr/bin/../lib/gcc/arm-none-eabi/7.3.1/../../../../arm-none-eabi/lib/thumb/v7e-m/fpv4-sp/hard/libnosys.a(close.o)
                0x000000000002f224                _close
 .text._fstat   0x000000000002f234       0x10 /usr/bin/../lib/gcc/arm-none-eabi/7.3.1/../../../../arm-none-eabi/lib/thumb/v7e-m/fpv4-sp/hard/libnosys.a(fstat.o)
                0x000000000002f234                _fstat
 .text._isatty  0x000000000002f244       0x10 /usr/bin/../lib/gcc/arm-none-eabi/7.3.1/../../../../arm-none-eabi/lib/thumb/v7e-m/fpv4-sp/hard/libnosys.a(isatty.o)
                0x000000000002f244                _isatty
 .text._lseek   0x000000000002f254       0x10 /usr/bin/../lib/gcc/arm-none-eabi/7.3.1/../../../../arm-none-eabi/lib/thumb/v7e-m/fpv4-sp/hard/libnosys.a(lseek.o)
                0x000000000002f254                _lseek
 .text._read    0x000000000002f264       0x10 /usr/bin/../lib/gcc/arm-none-eabi/7.3.1/../../../../arm-none-eabi/lib/thumb/v7e-m/fpv4-sp/hard/libnosys.a(read.o)
                0x000000000002f264                _read
 .text._sbrk    0x000000000002f274       0x1c /usr/bin/../lib/gcc/arm-none-eabi/7.3.1/../../../../arm-none-eabi/lib/thumb/v7e-m/fpv4-sp/hard/libnosys.a(sbrk.o)
                0x000000000002f274                _sbrk
 .text._exit    0x000000000002f290        0x4 /usr/bin/../lib/gcc/arm-none-eabi/7.3.1/../../../../arm-none-eabi/lib/thumb/v7e-m/fpv4-sp/hard/libnosys.a(_exit.o)
                0x000000000002f290                _exit
 .text          0x000000000002f294      0x378 /usr/bin/../lib/gcc/arm-none-eabi/7.3.1/thumb/v7e-m/fpv4-sp/hard/libgcc.a(_arm_addsubdf3.o)
                0x000000000002f294                __aeabi_drsub
                0x000000000002f29c                __aeabi_dsub
                0x000000000002f29c                __subdf3
                0x000000000002f2a0                __adddf3
                0x000000000002f2a0                __aeabi_dadd
                0x000000000002f518                __aeabi_ui2d
                0x000000000002f518                __floatunsidf
                0x000000000002f538                __floatsidf
                0x000000000002f538                __aeabi_i2d
                0x000000000002f55c                __extendsfdf2
                0x000000000002f55c                __aeabi_f2d
                0x000000000002f5a0                __aeabi_ul2d
                0x000000000002f5a0                __floatundidf
                0x000000000002f5b0                __floatdidf
                0x000000000002f5b0                __aeabi_l2d
 .text          0x000000000002f60c      0x424 /usr/bin/../lib/gcc/arm-none-eabi/7.3.1/thumb/v7e-m/fpv4-sp/hard/libgcc.a(_arm_muldivdf3.o)
                0x000000000002f60c                __aeabi_dmul
                0x000000000002f60c                __muldf3
                0x000000000002f860                __aeabi_ddiv
                0x000000000002f860                __divdf3
 .text          0x000000000002fa30      0x110 /usr/bin/../lib/gcc/arm-none-eabi/7.3.1/thumb/v7e-m/fpv4-sp/hard/libgcc.a(_arm_cmpdf2.o)
                0x000000000002fa30                __gtdf2
                0x000000000002fa30                __gedf2
                0x000000000002fa38                __ltdf2
                0x000000000002fa38                __ledf2
                0x000000000002fa40                __cmpdf2
                0x000000000002fa40                __eqdf2
                0x000000000002fa40                __nedf2
                0x000000000002fabc                __aeabi_cdrcmple
                0x000000000002facc                __aeabi_cdcmple
                0x000000000002facc                __aeabi_cdcmpeq
                0x000000000002fadc                __aeabi_dcmpeq
                0x000000000002faf0                __aeabi_dcmplt
                0x000000000002fb04                __aeabi_dcmple
                0x000000000002fb18                __aeabi_dcmpge
                0x000000000002fb2c                __aeabi_dcmpgt
 .text          0x000000000002fb40       0x2c /usr/bin/../lib/gcc/arm-none-eabi/7.3.1/thumb/v7e-m/fpv4-sp/hard/libgcc.a(_arm_unorddf2.o)
                0x000000000002fb40                __aeabi_dcmpun
                0x000000000002fb40                __unorddf2
 .text          0x000000000002fb6c       0x50 /usr/bin/../lib/gcc/arm-none-eabi/7.3.1/thumb/v7e-m/fpv4-sp/hard/libgcc.a(_arm_fixdfsi.o)
                0x000000000002fb6c                __fixdfsi
                0x000000000002fb6c                __aeabi_d2iz
 .text          0x000000000002fbbc       0x30 /usr/bin/../lib/gcc/arm-none-eabi/7.3.1/thumb/v7e-m/fpv4-sp/hard/libgcc.a(_aeabi_uldivmod.o)
                0x000000000002fbbc                __aeabi_uldivmod
 .text          0x000000000002fbec      0x2cc /usr/bin/../lib/gcc/arm-none-eabi/7.3.1/thumb/v7e-m/fpv4-sp/hard/libgcc.a(_udivmoddi4.o)
                0x000000000002fbec                __udivmoddi4
 .text          0x000000000002feb8        0x4 /usr/bin/../lib/gcc/arm-none-eabi/7.3.1/thumb/v7e-m/fpv4-sp/hard/libgcc.a(_dvmd_tls.o)
                0x000000000002feb8                __aeabi_ldiv0
                0x000000000002feb8                __aeabi_idiv0
 *(.init)
 .init          0x000000000002febc        0x4 /usr/bin/../lib/gcc/arm-none-eabi/7.3.1/thumb/v7e-m/fpv4-sp/hard/crti.o
                0x000000000002febc                _init
 .init          0x000000000002fec0        0x8 /usr/bin/../lib/gcc/arm-none-eabi/7.3.1/thumb/v7e-m/fpv4-sp/hard/crtn.o
 *(.fini)
 .fini          0x000000000002fec8        0x4 /usr/bin/../lib/gcc/arm-none-eabi/7.3.1/thumb/v7e-m/fpv4-sp/hard/crti.o
                0x000000000002fec8                _fini
 .fini          0x000000000002fecc        0x8 /usr/bin/../lib/gcc/arm-none-eabi/7.3.1/thumb/v7e-m/fpv4-sp/hard/crtn.o
 *crtbegin.o(.ctors)
 *crtbegin?.o(.ctors)
 *(EXCLUDE_FILE(*crtend.o *crtend?.o) .ctors)
 *(SORT_BY_NAME(.ctors.*))
 *(.ctors)
 *crtbegin.o(.dtors)
 *crtbegin?.o(.dtors)
 *(EXCLUDE_FILE(*crtend.o *crtend?.o) .dtors)
 *(SORT_BY_NAME(.dtors.*))
 *(.dtors)
 *(.rodata*)
 .rodata        0x000000000002fed4       0x10 _build/main.o
 *fill*         0x000000000002fee4        0xc 
 .rodata.delay_machine_code.8617
                0x000000000002fef0        0x6 _build/main.o
 .rodata.main.str1.1
                0x000000000002fef6       0x37 _build/main.o
 *fill*         0x000000000002ff2d        0x3 
 .rodata.spi    0x000000000002ff30       0x10 _build/main.o
 .rodata.spi_event_handler.str1.1
                0x000000000002ff40       0x1f _build/main.o
 .rodata.app_error_fault_handler.str1.1
                0x000000000002ff5f       0xb7 _build/better_error_handling.o
 *fill*         0x0000000000030016        0xa 
 .rodata.delay_machine_code.8629
                0x0000000000030020        0x6 _build/better_error_handling.o
 .rodata._DoInit.str1.1
                0x0000000000030026       0x14 _build/SEGGER_RTT.o
 *fill*         0x000000000003003a        0x6 
 .rodata.delay_machine_code.9273
                0x0000000000030040        0x6 _build/app_timer.o
 .rodata.app_util_critical_region_enter.str1.1
                0x0000000000030046       0x55 _build/app_util_platform.o
 .rodata.HardFault_c_handler.str1.1
                0x000000000003009b      0x12e _build/hardfault_implementation.o
 *fill*         0x00000000000301c9        0x3 
 .rodata.cfsr_msgs.9468
                0x00000000000301cc       0x68 _build/hardfault_implementation.o
 .rodata.str1.1
                0x0000000000030234      0x4c0 _build/hardfault_implementation.o
 .rodata.nrf_balloc_init.str1.1
                0x00000000000306f4       0x50 _build/nrf_balloc.o
 .rodata.nrf_drv_clock_uninit.str1.1
                0x0000000000030744       0x4f _build/nrf_drv_clock.o
 .rodata.str1.1
                0x0000000000030793        0x6 _build/nrf_drv_clock.o
 *fill*         0x0000000000030799        0x3 
 .rodata        0x000000000003079c       0x10 _build/nrf_drv_spi.o
 .rodata.nrf_fprintf_buffer_flush.str1.1
                0x00000000000307ac       0x46 _build/nrf_fprintf.o
 .rodata._aV2C.7562
                0x00000000000307f2       0x10 _build/nrf_fprintf_format.o
 .rodata.nrf_fprintf_fmt.str1.1
                0x0000000000030802       0x4d _build/nrf_fprintf_format.o
 .rodata.str1.1
                0x000000000003084f        0xd _build/nrf_fstorage.o
 *fill*         0x000000000003085c        0x4 
 .rodata.delay_machine_code.9549
                0x0000000000030860        0x6 _build/nrf_log_backend_rtt.o
 *fill*         0x0000000000030866        0x2 
 .rodata.nrf_log_backend_rtt_api
                0x0000000000030868        0xc _build/nrf_log_backend_rtt.o
                0x0000000000030868                nrf_log_backend_rtt_api
 .rodata.nrf_log_default_backends_init.str1.1
                0x0000000000030874       0x5f _build/nrf_log_default_backends.o
 .rodata.str1.1
                0x00000000000308d3       0x10 _build/nrf_log_default_backends.o
 .rodata.buf_prealloc.str1.1
                0x00000000000308e3       0x57 _build/nrf_log_frontend.o
 *fill*         0x000000000003093a        0x2 
 .rodata.m_log_push_ringbuf
                0x000000000003093c        0xc _build/nrf_log_frontend.o
 .rodata.nrf_log_frontend_dequeue.str1.1
                0x0000000000030948       0x11 _build/nrf_log_frontend.o
 .rodata.str1.1
                0x0000000000030959        0x4 _build/nrf_log_frontend.o
 *fill*         0x000000000003095d        0x3 
 .rodata.m_colors
                0x0000000000030960       0x24 _build/nrf_log_str_formatter.o
 .rodata.nrf_log_hexdump_entry_process.str1.1
                0x0000000000030984        0xf _build/nrf_log_str_formatter.o
                                         0x11 (size before relaxing)
 .rodata.postfix_process.str1.1
                0x0000000000030993        0x8 _build/nrf_log_str_formatter.o
                                          0xb (size before relaxing)
 .rodata.prefix_process.str1.1
                0x000000000003099b       0x2a _build/nrf_log_str_formatter.o
 *fill*         0x00000000000309c5        0x3 
 .rodata.severity_names
                0x00000000000309c8       0x14 _build/nrf_log_str_formatter.o
 .rodata.str1.1
                0x00000000000309dc       0x4b _build/nrf_log_str_formatter.o
                                         0x51 (size before relaxing)
 .rodata.memobj_op.str1.1
                0x0000000000030a27       0x50 _build/nrf_memobj.o
 .rodata.str1.1
                0x0000000000030a77        0x9 _build/nrf_pwr_mgmt.o
 .rodata.nrf_section_iter_init.str1.1
                0x0000000000030a80       0x69 _build/nrf_section_iter.o
 .rodata.m_unknown_str
                0x0000000000030ae9       0x13 _build/nrf_strerror.o
 .rodata.nrf_strerror_array
                0x0000000000030afc      0x128 _build/nrf_strerror.o
 .rodata.str1.1
                0x0000000000030c24      0x3ba _build/nrf_strerror.o
 .rodata.nrfx_clock_init.str1.1
                0x0000000000030fde       0x4d _build/nrfx_clock.o
 .rodata.str1.1
                0x000000000003102b        0x6 _build/nrfx_clock.o
 .rodata.nrf_gpio_pin_port_decode.isra.0.part.1.str1.1
                0x0000000000031031       0x43 _build/nrfx_gpiote.o
 .rodata.nrfx_gpiote_out_init.str1.1
                0x0000000000031074       0x4e _build/nrfx_gpiote.o
 .rodata.str1.1
                0x00000000000310c2        0x7 _build/nrfx_gpiote.o
 .rodata.str1.1
                0x00000000000310c9        0x4 _build/nrfx_ppi.o
 .rodata.UARTE0_UART0_IRQHandler.str1.1
                0x00000000000310cd       0x4f _build/nrfx_prs.o
 .rodata.str1.1
                0x000000000003111c        0x4 _build/nrfx_prs.o
 .rodata.str1.1
                0x0000000000031120        0x4 _build/nrfx_pwm.o
 .rodata.str1.1
                0x0000000000031124        0x6 _build/nrfx_saadc.o
 .rodata.irq_handler.part.2.str1.1
                0x000000000003112a       0x4c _build/nrfx_spim.o
 *fill*         0x0000000000031176        0x2 
 .rodata.irq_handlers.9593
                0x0000000000031178        0x8 _build/nrfx_spim.o
 .rodata.nrf_gpio_pin_port_decode.isra.0.part.1.str1.1
                0x0000000000031180       0x43 _build/nrfx_spim.o
 .rodata.nrfx_spim_init.str1.1
                0x0000000000031180       0x44 _build/nrfx_spim.o
 .rodata.str1.1
                0x00000000000311c4        0x5 _build/nrfx_spim.o
 .rodata.str1.1
                0x00000000000311c9        0x6 _build/nrfx_timer.o
 .rodata.SPIM0_SPIS0_TWIM0_TWIS0_SPI0_TWI0_IRQHandler.str1.1
                0x00000000000311cf       0x4c _build/nrfx_twim.o
 .rodata.str1.1
                0x000000000003121b        0x5 _build/nrfx_twim.o
 .rodata.str1.1
                0x0000000000031220        0x5 _build/nrfx_uart.o
 .rodata.str1.1
                0x0000000000031225        0x6 _build/nrfx_uarte.o
 .rodata.data_length_update.str1.1
                0x000000000003122b       0xdf _build/nrf_ble_gatt.o
 .rodata.nrf_ble_gatt_on_ble_evt.str1.1
                0x000000000003130a       0x60 _build/nrf_ble_gatt.o
 .rodata.str1.1
                0x000000000003136a        0xd _build/nrf_ble_gatt.o
 *fill*         0x0000000000031377        0x1 
 .rodata.sdh_stack_observers
                0x0000000000031378        0xc _build/nrf_sdh.o
 .rodata.str1.1
                0x0000000000031384        0x8 _build/nrf_sdh.o
 .rodata.nrf_sdh_ble_evts_poll.part.0.str1.1
                0x000000000003138c       0x52 _build/nrf_sdh_ble.o
 *fill*         0x00000000000313de        0x2 
 .rodata.sdh_ble_observers
                0x00000000000313e0        0xc _build/nrf_sdh_ble.o
 .rodata.str1.1
                0x00000000000313ec        0xc _build/nrf_sdh_ble.o
 .rodata.assert_nrf_callback.str1.1
                0x00000000000313f8       0x25 _build/simple_ble.o
 .rodata.on_ble_evt.str1.1
                0x000000000003141d       0x51 _build/simple_ble.o
 *fill*         0x000000000003146e        0x2 
 .rodata._global_impure_ptr
                0x0000000000031470        0x4 /usr/bin/../lib/gcc/arm-none-eabi/7.3.1/../../../../arm-none-eabi/lib/thumb/v7e-m/fpv4-sp/hard/libc.a(lib_a-impure.o)
                0x0000000000031470                _global_impure_ptr
 .rodata._setlocale_r.str1.4
                0x0000000000031474        0xa /usr/bin/../lib/gcc/arm-none-eabi/7.3.1/../../../../arm-none-eabi/lib/thumb/v7e-m/fpv4-sp/hard/libc.a(lib_a-locale.o)
                                          0xd (size before relaxing)
 *fill*         0x000000000003147e        0x2 
 .rodata.str1.4
                0x0000000000031480        0x2 /usr/bin/../lib/gcc/arm-none-eabi/7.3.1/../../../../arm-none-eabi/lib/thumb/v7e-m/fpv4-sp/hard/libc.a(lib_a-locale.o)
 *fill*         0x0000000000031482        0x2 
 .rodata._vfprintf_r.str1.4
                0x0000000000031484       0x42 /usr/bin/../lib/gcc/arm-none-eabi/7.3.1/../../../../arm-none-eabi/lib/thumb/v7e-m/fpv4-sp/hard/libc.a(lib_a-vfprintf.o)
 *fill*         0x00000000000314c6        0x2 
 .rodata.blanks.8605
                0x00000000000314c8       0x10 /usr/bin/../lib/gcc/arm-none-eabi/7.3.1/../../../../arm-none-eabi/lib/thumb/v7e-m/fpv4-sp/hard/libc.a(lib_a-vfprintf.o)
 .rodata.zeroes.8606
                0x00000000000314d8       0x10 /usr/bin/../lib/gcc/arm-none-eabi/7.3.1/../../../../arm-none-eabi/lib/thumb/v7e-m/fpv4-sp/hard/libc.a(lib_a-vfprintf.o)
 .rodata._ctype_
                0x00000000000314e8      0x101 /usr/bin/../lib/gcc/arm-none-eabi/7.3.1/../../../../arm-none-eabi/lib/thumb/v7e-m/fpv4-sp/hard/libc.a(lib_a-ctype_.o)
                0x00000000000314e8                _ctype_
 *fill*         0x00000000000315e9        0x3 
 .rodata._dtoa_r.str1.4
                0x00000000000315ec       0x10 /usr/bin/../lib/gcc/arm-none-eabi/7.3.1/../../../../arm-none-eabi/lib/thumb/v7e-m/fpv4-sp/hard/libc.a(lib_a-dtoa.o)
                                         0x12 (size before relaxing)
 *fill*         0x00000000000315fc        0x4 
 .rodata.__mprec_bigtens
                0x0000000000031600       0x28 /usr/bin/../lib/gcc/arm-none-eabi/7.3.1/../../../../arm-none-eabi/lib/thumb/v7e-m/fpv4-sp/hard/libc.a(lib_a-mprec.o)
                0x0000000000031600                __mprec_bigtens
 .rodata.__mprec_tens
                0x0000000000031628       0xc8 /usr/bin/../lib/gcc/arm-none-eabi/7.3.1/../../../../arm-none-eabi/lib/thumb/v7e-m/fpv4-sp/hard/libc.a(lib_a-mprec.o)
                0x0000000000031628                __mprec_tens
 .rodata.p05.7367
                0x00000000000316f0        0xc /usr/bin/../lib/gcc/arm-none-eabi/7.3.1/../../../../arm-none-eabi/lib/thumb/v7e-m/fpv4-sp/hard/libc.a(lib_a-mprec.o)
 *(.eh_frame*)
 .eh_frame      0x00000000000316fc        0x0 /usr/bin/../lib/gcc/arm-none-eabi/7.3.1/thumb/v7e-m/fpv4-sp/hard/crtbegin.o
 .eh_frame      0x00000000000316fc        0x4 /usr/bin/../lib/gcc/arm-none-eabi/7.3.1/thumb/v7e-m/fpv4-sp/hard/crtend.o

.glue_7         0x0000000000031700        0x0
 .glue_7        0x0000000000031700        0x0 linker stubs

.glue_7t        0x0000000000031700        0x0
 .glue_7t       0x0000000000031700        0x0 linker stubs

.vfp11_veneer   0x0000000000031700        0x0
 .vfp11_veneer  0x0000000000031700        0x0 linker stubs

.v4_bx          0x0000000000031700        0x0
 .v4_bx         0x0000000000031700        0x0 linker stubs

.iplt           0x0000000000031700        0x0
 .iplt          0x0000000000031700        0x0 /usr/bin/../lib/gcc/arm-none-eabi/7.3.1/thumb/v7e-m/fpv4-sp/hard/crtbegin.o

.mem_section_dummy_rom

.sdh_soc_observers
                0x0000000000031700       0x10
                [!provide]                        PROVIDE (__start_sdh_soc_observers = .)
 *(SORT_BY_NAME(.sdh_soc_observers*))
 .sdh_soc_observers0
                0x0000000000031700        0x8 _build/nrf_drv_clock.o
 .sdh_soc_observers1
                0x0000000000031708        0x8 _build/simple_ble.o
                [!provide]                        PROVIDE (__stop_sdh_soc_observers = .)

.crypto_data    0x0000000000031710        0x0
                [!provide]                        PROVIDE (__start_crypto_data = .)
 *(SORT_BY_NAME(.crypto_data*))
                [!provide]                        PROVIDE (__stop_crypto_data = .)

.log_const_data
                0x0000000000031710       0x98
                0x0000000000031710                PROVIDE (__start_log_const_data = .)
 *(SORT_BY_NAME(.log_const_data*))
 .log_const_data_CLOCK
                0x0000000000031710        0x8 _build/nrfx_clock.o
                0x0000000000031710                m_nrf_log_CLOCK_logs_data_const
 .log_const_data_GPIOTE
                0x0000000000031718        0x8 _build/nrfx_gpiote.o
                0x0000000000031718                m_nrf_log_GPIOTE_logs_data_const
 .log_const_data_PPI
                0x0000000000031720        0x8 _build/nrfx_ppi.o
                0x0000000000031720                m_nrf_log_PPI_logs_data_const
 .log_const_data_PRS
                0x0000000000031728        0x8 _build/nrfx_prs.o
                0x0000000000031728                m_nrf_log_PRS_logs_data_const
 .log_const_data_PWM
                0x0000000000031730        0x8 _build/nrfx_pwm.o
                0x0000000000031730                m_nrf_log_PWM_logs_data_const
 .log_const_data_SAADC
                0x0000000000031738        0x8 _build/nrfx_saadc.o
                0x0000000000031738                m_nrf_log_SAADC_logs_data_const
 .log_const_data_SPIM
                0x0000000000031740        0x8 _build/nrfx_spim.o
                0x0000000000031740                m_nrf_log_SPIM_logs_data_const
 .log_const_data_TIMER
                0x0000000000031748        0x8 _build/nrfx_timer.o
                0x0000000000031748                m_nrf_log_TIMER_logs_data_const
 .log_const_data_TWIM
                0x0000000000031750        0x8 _build/nrfx_twim.o
                0x0000000000031750                m_nrf_log_TWIM_logs_data_const
 .log_const_data_UART
                0x0000000000031758        0x8 _build/nrfx_uart.o
                0x0000000000031758                m_nrf_log_UART_logs_data_const
 .log_const_data_UARTE
                0x0000000000031760        0x8 _build/nrfx_uarte.o
                0x0000000000031760                m_nrf_log_UARTE_logs_data_const
 .log_const_data_app
                0x0000000000031768        0x8 _build/nrf_log_frontend.o
                0x0000000000031768                m_nrf_log_app_logs_data_const
 .log_const_data_clock
                0x0000000000031770        0x8 _build/nrf_drv_clock.o
                0x0000000000031770                m_nrf_log_clock_logs_data_const
 .log_const_data_hardfault
                0x0000000000031778        0x8 _build/hardfault_implementation.o
                0x0000000000031778                m_nrf_log_hardfault_logs_data_const
 .log_const_data_nrf_ble_gatt
                0x0000000000031780        0x8 _build/nrf_ble_gatt.o
                0x0000000000031780                m_nrf_log_nrf_ble_gatt_logs_data_const
 .log_const_data_nrf_fstorage
                0x0000000000031788        0x8 _build/nrf_fstorage.o
                0x0000000000031788                m_nrf_log_nrf_fstorage_logs_data_const
 .log_const_data_nrf_sdh
                0x0000000000031790        0x8 _build/nrf_sdh.o
                0x0000000000031790                m_nrf_log_nrf_sdh_logs_data_const
 .log_const_data_nrf_sdh_ble
                0x0000000000031798        0x8 _build/nrf_sdh_ble.o
                0x0000000000031798                m_nrf_log_nrf_sdh_ble_logs_data_const
 .log_const_data_pwr_mgmt
                0x00000000000317a0        0x8 _build/nrf_pwr_mgmt.o
                0x00000000000317a0                m_nrf_log_pwr_mgmt_logs_data_const
                0x00000000000317a8                PROVIDE (__stop_log_const_data = .)

.nrf_balloc     0x00000000000317a8       0x14
                [!provide]                        PROVIDE (__start_nrf_balloc = .)
 *(.nrf_balloc)
 .nrf_balloc    0x00000000000317a8       0x14 _build/nrf_log_frontend.o
                0x00000000000317a8                log_mempool
                [!provide]                        PROVIDE (__stop_nrf_balloc = .)

.nrf_queue      0x00000000000317bc       0x28
                [!provide]                        PROVIDE (__start_nrf_queue = .)
 *(.nrf_queue)
 .nrf_queue     0x00000000000317bc       0x28 _build/kobukiUtilities.o
                0x00000000000317bc                serial_queues_txq
                0x00000000000317d0                serial_queues_rxq
                [!provide]                        PROVIDE (__stop_nrf_queue = .)

.sdh_state_observers
                0x00000000000317e4        0x8
                0x00000000000317e4                PROVIDE (__start_sdh_state_observers = .)
 *(SORT_BY_NAME(.sdh_state_observers*))
 .sdh_state_observers0
                0x00000000000317e4        0x8 _build/nrf_drv_clock.o
                0x00000000000317ec                PROVIDE (__stop_sdh_state_observers = .)

.sdh_stack_observers
                0x00000000000317ec        0x8
                0x00000000000317ec                PROVIDE (__start_sdh_stack_observers = .)
 *(SORT_BY_NAME(.sdh_stack_observers*))
 .sdh_stack_observers0
                0x00000000000317ec        0x8 _build/nrf_sdh_ble.o
                0x00000000000317f4                PROVIDE (__stop_sdh_stack_observers = .)

.sdh_req_observers
                0x00000000000317f4        0x0
                0x00000000000317f4                PROVIDE (__start_sdh_req_observers = .)
 *(SORT_BY_NAME(.sdh_req_observers*))
                0x00000000000317f4                PROVIDE (__stop_sdh_req_observers = .)

.cli_command    0x00000000000317f4        0x0
                [!provide]                        PROVIDE (__start_cli_command = .)
 *(.cli_command)
                [!provide]                        PROVIDE (__stop_cli_command = .)

.pwr_mgmt_data  0x00000000000317f4        0x0
                0x00000000000317f4                PROVIDE (__start_pwr_mgmt_data = .)
 *(SORT_BY_NAME(.pwr_mgmt_data*))
                0x00000000000317f4                PROVIDE (__stop_pwr_mgmt_data = .)

.sdh_ble_observers
                0x00000000000317f4       0x28
                0x00000000000317f4                PROVIDE (__start_sdh_ble_observers = .)
 *(SORT_BY_NAME(.sdh_ble_observers*))
 .sdh_ble_observers1
                0x00000000000317f4        0x8 _build/ble_conn_params.o
 .sdh_ble_observers1
                0x00000000000317fc       0x10 _build/simple_ble.o
 .sdh_ble_observers2
                0x000000000003180c        0x8 _build/simple_ble.o
 .sdh_ble_observers3
                0x0000000000031814        0x8 _build/simple_ble.o
                0x000000000003181c                PROVIDE (__stop_sdh_ble_observers = .)

.log_backends   0x000000000003181c       0x10
 .log_backends  0x000000000003181c       0x10 _build/nrf_log_default_backends.o

.dfu_trans      0x000000000003182c        0x0
                [!provide]                        PROVIDE (__start_dfu_trans = .)
 *(SORT_BY_NAME(.dfu_trans*))
                [!provide]                        PROVIDE (__stop_dfu_trans = .)

.ARM.extab
 *(.ARM.extab* .gnu.linkonce.armextab.*)
                0x000000000003182c                __exidx_start = .

.ARM.exidx      0x000000000003182c        0x8
 *(.ARM.exidx* .gnu.linkonce.armexidx.*)
 .ARM.exidx     0x000000000003182c        0x8 /usr/bin/../lib/gcc/arm-none-eabi/7.3.1/../../../../arm-none-eabi/lib/thumb/v7e-m/fpv4-sp/hard/crt0.o
 .ARM.exidx     0x0000000000031834        0x0 /usr/bin/../lib/gcc/arm-none-eabi/7.3.1/thumb/v7e-m/fpv4-sp/hard/libgcc.a(_udivmoddi4.o)
                                          0x8 (size before relaxing)
                0x0000000000031834                __exidx_end = .
                0x0000000000031834                __etext = .

.rel.dyn        0x0000000000031834        0x0
 .rel.iplt      0x0000000000031834        0x0 /usr/bin/../lib/gcc/arm-none-eabi/7.3.1/thumb/v7e-m/fpv4-sp/hard/crtbegin.o

.data           0x00000000200098a8      0x9d0 load address 0x0000000000031834
                0x00000000200098a8                __data_start__ = .
 *(vtable)
 *(.data*)
 .data.log_backend_cb_rtt_log_backend
                0x00000000200098a8        0x8 _build/nrf_log_default_backends.o
 .data.m_scan_buffer
                0x00000000200098b0        0x8 _build/simple_ble.o
 .data.SystemCoreClock
                0x00000000200098b8        0x4 _build/system_nrf52.o
                0x00000000200098b8                SystemCoreClock
 .data._impure_ptr
                0x00000000200098bc        0x4 /usr/bin/../lib/gcc/arm-none-eabi/7.3.1/../../../../arm-none-eabi/lib/thumb/v7e-m/fpv4-sp/hard/libc.a(lib_a-impure.o)
                0x00000000200098bc                _impure_ptr
 .data.impure_data
                0x00000000200098c0      0x428 /usr/bin/../lib/gcc/arm-none-eabi/7.3.1/../../../../arm-none-eabi/lib/thumb/v7e-m/fpv4-sp/hard/libc.a(lib_a-impure.o)
 .data.__global_locale
                0x0000000020009ce8      0x16c /usr/bin/../lib/gcc/arm-none-eabi/7.3.1/../../../../arm-none-eabi/lib/thumb/v7e-m/fpv4-sp/hard/libc.a(lib_a-locale.o)
                0x0000000020009ce8                __global_locale
 .data.__atexit_recursive_mutex
                0x0000000020009e54        0x4 /usr/bin/../lib/gcc/arm-none-eabi/7.3.1/../../../../arm-none-eabi/lib/thumb/v7e-m/fpv4-sp/hard/libc.a(lib_a-__call_atexit.o)
                0x0000000020009e54                __atexit_recursive_mutex
 .data.__malloc_av_
                0x0000000020009e58      0x408 /usr/bin/../lib/gcc/arm-none-eabi/7.3.1/../../../../arm-none-eabi/lib/thumb/v7e-m/fpv4-sp/hard/libc.a(lib_a-mallocr.o)
                0x0000000020009e58                __malloc_av_
 .data.__malloc_sbrk_base
                0x000000002000a260        0x4 /usr/bin/../lib/gcc/arm-none-eabi/7.3.1/../../../../arm-none-eabi/lib/thumb/v7e-m/fpv4-sp/hard/libc.a(lib_a-mallocr.o)
                0x000000002000a260                __malloc_sbrk_base
 .data.__malloc_trim_threshold
                0x000000002000a264        0x4 /usr/bin/../lib/gcc/arm-none-eabi/7.3.1/../../../../arm-none-eabi/lib/thumb/v7e-m/fpv4-sp/hard/libc.a(lib_a-mallocr.o)
                0x000000002000a264                __malloc_trim_threshold
                0x000000002000a268                . = ALIGN (0x4)
                0x000000002000a268                PROVIDE (__preinit_array_start = .)
 *(.preinit_array)
                0x000000002000a268                PROVIDE (__preinit_array_end = .)
                0x000000002000a268                . = ALIGN (0x4)
                0x000000002000a268                PROVIDE (__init_array_start = .)
 *(SORT_BY_NAME(.init_array.*))
 .init_array.00000
                0x000000002000a268        0x4 /usr/bin/../lib/gcc/arm-none-eabi/7.3.1/../../../../arm-none-eabi/lib/thumb/v7e-m/fpv4-sp/hard/libc.a(lib_a-__call_atexit.o)
 *(.init_array)
 .init_array    0x000000002000a26c        0x4 /usr/bin/../lib/gcc/arm-none-eabi/7.3.1/thumb/v7e-m/fpv4-sp/hard/crtbegin.o
 .init_array    0x000000002000a270        0x4 _build/before_startup.o
                0x000000002000a274                PROVIDE (__init_array_end = .)
                0x000000002000a274                . = ALIGN (0x4)
                0x000000002000a274                PROVIDE (__fini_array_start = .)
 *(SORT_BY_NAME(.fini_array.*))
 *(.fini_array)
 .fini_array    0x000000002000a274        0x4 /usr/bin/../lib/gcc/arm-none-eabi/7.3.1/thumb/v7e-m/fpv4-sp/hard/crtbegin.o
                0x000000002000a278                PROVIDE (__fini_array_end = .)
 *(.jcr*)
                0x000000002000a278                . = ALIGN (0x4)
                0x000000002000a278                __data_end__ = .
LOAD /usr/bin/../lib/gcc/arm-none-eabi/7.3.1/thumb/v7e-m/fpv4-sp/hard/crti.o
LOAD /usr/bin/../lib/gcc/arm-none-eabi/7.3.1/thumb/v7e-m/fpv4-sp/hard/crtbegin.o
LOAD /usr/bin/../lib/gcc/arm-none-eabi/7.3.1/../../../../arm-none-eabi/lib/thumb/v7e-m/fpv4-sp/hard/crt0.o
START GROUP
LOAD _build/LEDStripAPI.o
LOAD _build/main.o
LOAD _build/display.o
LOAD _build/mpu9250.o
LOAD _build/kobukiUART.o
LOAD _build/kobukiSensor.o
LOAD _build/kobukiUtilities.o
LOAD _build/kobukiSensorPoll.o
LOAD _build/kobukiActuator.o
LOAD _build/better_error_handling.o
LOAD _build/max44009.o
LOAD _build/SEGGER_RTT.o
LOAD _build/SEGGER_RTT_Syscalls_GCC.o
LOAD _build/SEGGER_RTT_printf.o
LOAD _build/app_error.o
LOAD _build/app_error_handler_gcc.o
LOAD _build/app_pwm.o
LOAD _build/app_scheduler.o
LOAD _build/app_timer.o
LOAD _build/app_uart.o
LOAD _build/app_util_platform.o
LOAD _build/before_startup.o
LOAD _build/ff.o
LOAD _build/hardfault_handler_gcc.o
LOAD _build/hardfault_implementation.o
LOAD _build/mmc_nrf.o
LOAD _build/nrf_assert.o
LOAD _build/nrf_atomic.o
LOAD _build/nrf_balloc.o
LOAD _build/nrf_drv_clock.o
LOAD _build/nrf_drv_ppi.o
LOAD _build/nrf_drv_spi.o
LOAD _build/nrf_drv_twi.o
LOAD _build/nrf_drv_uart.o
LOAD _build/nrf_fprintf.o
LOAD _build/nrf_fprintf_format.o
LOAD _build/nrf_fstorage.o
LOAD _build/nrf_log_backend_rtt.o
LOAD _build/nrf_log_backend_serial.o
LOAD _build/nrf_log_backend_uart.o
LOAD _build/nrf_log_default_backends.o
LOAD _build/nrf_log_frontend.o
LOAD _build/nrf_log_str_formatter.o
LOAD _build/nrf_memobj.o
LOAD _build/nrf_pwr_mgmt.o
LOAD _build/nrf_ringbuf.o
LOAD _build/nrf_queue.o
LOAD _build/nrf_section_iter.o
LOAD _build/nrf_serial.o
LOAD _build/nrf_strerror.o
LOAD _build/nrf_twi_mngr.o
LOAD _build/nrfx_clock.o
LOAD _build/nrfx_gpiote.o
LOAD _build/nrfx_ppi.o
LOAD _build/nrfx_prs.o
LOAD _build/nrfx_pwm.o
LOAD _build/nrfx_saadc.o
LOAD _build/nrfx_spi.o
LOAD _build/nrfx_spim.o
LOAD _build/nrfx_timer.o
LOAD _build/nrfx_twi.o
LOAD _build/nrfx_twim.o
LOAD _build/nrfx_uart.o
LOAD _build/nrfx_uarte.o
LOAD _build/simple_logger.o
LOAD _build/ble_advdata.o
LOAD _build/ble_advertising.o
LOAD _build/ble_conn_params.o
LOAD _build/ble_srv_common.o
LOAD _build/nrf_ble_gatt.o
LOAD _build/nrf_ble_qwr.o
LOAD _build/nrf_sdh.o
LOAD _build/nrf_sdh_ble.o
LOAD _build/simple_ble.o
LOAD _build/system_nrf52.o
LOAD _build/app_error_weak.o
LOAD _build/gcc_startup_nrf52.os
LOAD /usr/bin/../lib/gcc/arm-none-eabi/7.3.1/../../../../arm-none-eabi/lib/thumb/v7e-m/fpv4-sp/hard/libc.a
LOAD /usr/bin/../lib/gcc/arm-none-eabi/7.3.1/../../../../arm-none-eabi/lib/thumb/v7e-m/fpv4-sp/hard/libnosys.a
LOAD /usr/bin/../lib/gcc/arm-none-eabi/7.3.1/../../../../arm-none-eabi/lib/thumb/v7e-m/fpv4-sp/hard/libm.a
LOAD /usr/bin/../lib/gcc/arm-none-eabi/7.3.1/../../../../arm-none-eabi/lib/thumb/v7e-m/fpv4-sp/hard/libstdc++.a
END GROUP
START GROUP
LOAD /usr/bin/../lib/gcc/arm-none-eabi/7.3.1/thumb/v7e-m/fpv4-sp/hard/libgcc.a
LOAD /usr/bin/../lib/gcc/arm-none-eabi/7.3.1/../../../../arm-none-eabi/lib/thumb/v7e-m/fpv4-sp/hard/libc.a
END GROUP
LOAD /usr/bin/../lib/gcc/arm-none-eabi/7.3.1/thumb/v7e-m/fpv4-sp/hard/crtend.o
LOAD /usr/bin/../lib/gcc/arm-none-eabi/7.3.1/thumb/v7e-m/fpv4-sp/hard/crtn.o
START GROUP
LOAD /usr/bin/../lib/gcc/arm-none-eabi/7.3.1/thumb/v7e-m/fpv4-sp/hard/libgcc.a
LOAD /usr/bin/../lib/gcc/arm-none-eabi/7.3.1/../../../../arm-none-eabi/lib/thumb/v7e-m/fpv4-sp/hard/libc.a
LOAD /usr/bin/../lib/gcc/arm-none-eabi/7.3.1/../../../../arm-none-eabi/lib/thumb/v7e-m/fpv4-sp/hard/libnosys.a
END GROUP

.igot.plt       0x000000002000a278        0x0 load address 0x0000000000032204
 .igot.plt      0x000000002000a278        0x0 /usr/bin/../lib/gcc/arm-none-eabi/7.3.1/thumb/v7e-m/fpv4-sp/hard/crtbegin.o

.bootloader_settings_page
                0x000000000007f000        0x0
                [!provide]                        PROVIDE (__start_bootloader_settings_page = .)
 *(SORT_BY_NAME(.bootloader_settings_page*))
                [!provide]                        PROVIDE (__stop_bootloader_settings_page = .)

.uicr_bootloader_start_address
                0x0000000010001014        0x0
                [!provide]                        PROVIDE (__start_uicr_bootloader_start_address = .)
 *(SORT_BY_NAME(.uicr_bootloader_start_address*))
                [!provide]                        PROVIDE (__stop_uicr_bootloader_start_address = .)
                0x0000000010001014                . = ALIGN (0x4)

.mem_section_dummy_ram

.log_dynamic_data
                0x000000002000a278        0x0
                0x000000002000a278                PROVIDE (__start_log_dynamic_data = .)
 *(SORT_BY_NAME(.log_dynamic_data*))
                [!provide]                        PROVIDE (__stop_log_dynamic_data = .)

.cli_sorted_cmd_ptrs
                0x000000002000a278        0x0
                [!provide]                        PROVIDE (__start_cli_sorted_cmd_ptrs = .)
 *(.cli_sorted_cmd_ptrs)
                [!provide]                        PROVIDE (__stop_cli_sorted_cmd_ptrs = .)

.fs_data        0x000000002000a278        0x0
                0x000000002000a278                PROVIDE (__start_fs_data = .)
 *(.fs_data)
                0x000000002000a278                PROVIDE (__stop_fs_data = .)

.bss            0x000000002000a278     0x1130 load address 0x0000000000032204
                0x000000002000a278                . = ALIGN (0x4)
                0x000000002000a278                __bss_start__ = .
 *(.bss*)
 .bss           0x000000002000a278       0x1c /usr/bin/../lib/gcc/arm-none-eabi/7.3.1/thumb/v7e-m/fpv4-sp/hard/crtbegin.o
 .bss.m_rx_buf  0x000000002000a294       0x60 _build/main.o
 .bss.m_tx_buf  0x000000002000a2f4       0x60 _build/main.o
 .bss.spi_xfer_done
                0x000000002000a354        0x1 _build/main.o
 .bss.serial_queues_rxq_nrf_queue_buffer
                0x000000002000a355      0x101 _build/kobukiUtilities.o
 *fill*         0x000000002000a456        0x2 
 .bss.serial_queues_rxq_nrf_queue_cb
                0x000000002000a458        0xc _build/kobukiUtilities.o
 .bss.serial_queues_txq_nrf_queue_buffer
                0x000000002000a464      0x101 _build/kobukiUtilities.o
 *fill*         0x000000002000a565        0x3 
 .bss.serial_queues_txq_nrf_queue_cb
                0x000000002000a568        0xc _build/kobukiUtilities.o
 .bss._acDownBuffer
                0x000000002000a574       0x10 _build/SEGGER_RTT.o
 .bss._acUpBuffer
                0x000000002000a584      0x200 _build/SEGGER_RTT.o
 .bss.m_op_queue
                0x000000002000a784      0x10c _build/app_timer.o
 .bss.m_rtc1_reset
                0x000000002000a890        0x1 _build/app_timer.o
 .bss.m_rtc1_running
                0x000000002000a891        0x1 _build/app_timer.o
 *fill*         0x000000002000a892        0x2 
 .bss.m_ticks_elapsed
                0x000000002000a894        0x8 _build/app_timer.o
 .bss.m_ticks_elapsed_q_read_ind
                0x000000002000a89c        0x1 _build/app_timer.o
 .bss.m_ticks_elapsed_q_write_ind
                0x000000002000a89d        0x1 _build/app_timer.o
 *fill*         0x000000002000a89e        0x2 
 .bss.m_ticks_latest
                0x000000002000a8a0        0x4 _build/app_timer.o
 .bss.mp_timer_id_head
                0x000000002000a8a4        0x4 _build/app_timer.o
 .bss.m_clock_cb
                0x000000002000a8a8       0x14 _build/nrf_drv_clock.o
 .bss.m_contexts
                0x000000002000a8bc        0xc _build/nrf_drv_spi.o
 .bss.m_handlers
                0x000000002000a8c8        0xc _build/nrf_drv_spi.o
 .bss.m_host_present
                0x000000002000a8d4        0x1 _build/nrf_log_backend_rtt.o
 .bss.m_string_buff
                0x000000002000a8d5       0x40 _build/nrf_log_backend_rtt.o
 *fill*         0x000000002000a915        0x3 
 .bss.log_mempool_nrf_balloc_cb
                0x000000002000a918        0x8 _build/nrf_log_frontend.o
 .bss.log_mempool_nrf_balloc_pool_mem
                0x000000002000a920       0xc0 _build/nrf_log_frontend.o
 .bss.log_mempool_nrf_balloc_pool_stack
                0x000000002000a9e0        0x8 _build/nrf_log_frontend.o
 .bss.m_log_data
                0x000000002000a9e8      0x424 _build/nrf_log_frontend.o
 .bss.m_log_push_ringbuf_buf
                0x000000002000ae0c       0x80 _build/nrf_log_frontend.o
 .bss.m_log_push_ringbuf_cb
                0x000000002000ae8c       0x18 _build/nrf_log_frontend.o
 .bss.m_clock_cb
                0x000000002000aea4        0x8 _build/nrfx_clock.o
 .bss.m_cb      0x000000002000aeac       0x5c _build/nrfx_gpiote.o
 .bss.m_prs_box_4
                0x000000002000af08        0x8 _build/nrfx_prs.o
 .bss.m_cb      0x000000002000af10       0x18 _build/nrfx_pwm.o
 .bss.m_cb      0x000000002000af28       0x30 _build/nrfx_saadc.o
 .bss.m_cb      0x000000002000af58       0x48 _build/nrfx_spim.o
 .bss.m_cb      0x000000002000afa0       0x18 _build/nrfx_timer.o
 .bss.m_cb      0x000000002000afb8       0x34 _build/nrfx_twim.o
 .bss.m_conn_params_config
                0x000000002000afec       0x1c _build/ble_conn_params.o
 .bss.m_conn_params_instances
                0x000000002000b008       0x14 _build/ble_conn_params.o
 .bss.m_preferred_conn_params
                0x000000002000b01c        0x8 _build/ble_conn_params.o
 .bss.m_nrf_sdh_enabled
                0x000000002000b024        0x1 _build/nrf_sdh.o
 .bss.m_stack_is_enabled
                0x000000002000b025        0x1 _build/nrf_sdh_ble.o
 *fill*         0x000000002000b026        0x2 
 .bss.m_advertising
                0x000000002000b028      0x258 _build/simple_ble.o
 .bss.m_gatt    0x000000002000b280       0x14 _build/simple_ble.o
 .bss.m_qwr     0x000000002000b294        0xc _build/simple_ble.o
 .bss.scan_buffer
                0x000000002000b2a0       0x1f _build/simple_ble.o
 *fill*         0x000000002000b2bf        0x1 
 .bss.__malloc_current_mallinfo
                0x000000002000b2c0       0x28 /usr/bin/../lib/gcc/arm-none-eabi/7.3.1/../../../../arm-none-eabi/lib/thumb/v7e-m/fpv4-sp/hard/libc.a(lib_a-mallocr.o)
                0x000000002000b2c0                __malloc_current_mallinfo
 .bss.__malloc_max_sbrked_mem
                0x000000002000b2e8        0x4 /usr/bin/../lib/gcc/arm-none-eabi/7.3.1/../../../../arm-none-eabi/lib/thumb/v7e-m/fpv4-sp/hard/libc.a(lib_a-mallocr.o)
                0x000000002000b2e8                __malloc_max_sbrked_mem
 .bss.__malloc_max_total_mem
                0x000000002000b2ec        0x4 /usr/bin/../lib/gcc/arm-none-eabi/7.3.1/../../../../arm-none-eabi/lib/thumb/v7e-m/fpv4-sp/hard/libc.a(lib_a-mallocr.o)
                0x000000002000b2ec                __malloc_max_total_mem
 .bss.__malloc_top_pad
                0x000000002000b2f0        0x4 /usr/bin/../lib/gcc/arm-none-eabi/7.3.1/../../../../arm-none-eabi/lib/thumb/v7e-m/fpv4-sp/hard/libc.a(lib_a-mallocr.o)
                0x000000002000b2f0                __malloc_top_pad
 .bss.heap_end.5377
                0x000000002000b2f4        0x4 /usr/bin/../lib/gcc/arm-none-eabi/7.3.1/../../../../arm-none-eabi/lib/thumb/v7e-m/fpv4-sp/hard/libnosys.a(sbrk.o)
 *(COMMON)
 COMMON         0x000000002000b2f8       0x78 _build/SEGGER_RTT.o
                0x000000002000b2f8                _SEGGER_RTT
 COMMON         0x000000002000b370        0xc _build/app_util_platform.o
                0x000000002000b370                nrf_nvic_state
 COMMON         0x000000002000b37c        0x2 _build/simple_ble.o
                0x000000002000b37c                app
 *fill*         0x000000002000b37e        0x2 
 COMMON         0x000000002000b380       0x21 /usr/bin/../lib/gcc/arm-none-eabi/7.3.1/../../../../arm-none-eabi/lib/thumb/v7e-m/fpv4-sp/hard/libc.a(lib_a-lock.o)
                0x000000002000b380                __lock___atexit_recursive_mutex
                0x000000002000b384                __lock___arc4random_mutex
                0x000000002000b388                __lock___env_recursive_mutex
                0x000000002000b38c                __lock___sinit_recursive_mutex
                0x000000002000b390                __lock___malloc_recursive_mutex
                0x000000002000b394                __lock___at_quick_exit_mutex
                0x000000002000b398                __lock___dd_hash_mutex
                0x000000002000b39c                __lock___tz_mutex
                0x000000002000b3a0                __lock___sfp_recursive_mutex
 *fill*         0x000000002000b3a1        0x3 
 COMMON         0x000000002000b3a4        0x4 /usr/bin/../lib/gcc/arm-none-eabi/7.3.1/../../../../arm-none-eabi/lib/thumb/v7e-m/fpv4-sp/hard/libc.a(lib_a-reent.o)
                0x000000002000b3a4                errno
                0x000000002000b3a8                . = ALIGN (0x4)
                0x000000002000b3a8                __bss_end__ = .

.heap           0x000000002000b3a8     0x2000
                0x000000002000b3a8                __HeapBase = .
                0x000000002000b3a8                __end__ = .
                0x000000002000b3a8                PROVIDE (end = .)
 *(.heap*)
 .heap          0x000000002000b3a8     0x2000 _build/gcc_startup_nrf52.os
                0x000000002000d3a8                __HeapLimit = .

.stack_dummy    0x000000002000b3a8     0x2000
 *(.stack*)
 .stack         0x000000002000b3a8     0x2000 _build/gcc_startup_nrf52.os
                0x0000000020010000                __StackTop = (ORIGIN (RAM) + LENGTH (RAM))
                0x000000002000e000                __StackLimit = (__StackTop - SIZEOF (.stack_dummy))
                0x0000000020010000                PROVIDE (__stack = __StackTop)
                0x0000000000000001                ASSERT ((__StackLimit >= __HeapLimit), region RAM overflowed with stack)
                0x00000000000009d0                DataInitFlashUsed = (__bss_start__ - __data_start__)
                0x000000000000b834                CodeFlashUsed = (__etext - ORIGIN (FLASH))
                0x000000000000c204                TotalFlashUsed = (CodeFlashUsed + DataInitFlashUsed)
                0x0000000000000001                ASSERT ((TotalFlashUsed <= LENGTH (FLASH)), region FLASH overflowed with .data and user data)
OUTPUT(_build/LED_sdk15_s132.elf elf32-littlearm)

.ARM.attributes
                0x0000000000000000       0x30
 .ARM.attributes
                0x0000000000000000       0x22 /usr/bin/../lib/gcc/arm-none-eabi/7.3.1/thumb/v7e-m/fpv4-sp/hard/crti.o
 .ARM.attributes
                0x0000000000000022       0x34 /usr/bin/../lib/gcc/arm-none-eabi/7.3.1/thumb/v7e-m/fpv4-sp/hard/crtbegin.o
 .ARM.attributes
                0x0000000000000056       0x20 /usr/bin/../lib/gcc/arm-none-eabi/7.3.1/../../../../arm-none-eabi/lib/thumb/v7e-m/fpv4-sp/hard/crt0.o
 .ARM.attributes
                0x0000000000000076       0x39 _build/main.o
 .ARM.attributes
                0x00000000000000af       0x39 _build/kobukiUtilities.o
 .ARM.attributes
                0x00000000000000e8       0x39 _build/better_error_handling.o
 .ARM.attributes
                0x0000000000000121       0x39 _build/SEGGER_RTT.o
 .ARM.attributes
                0x000000000000015a       0x39 _build/SEGGER_RTT_Syscalls_GCC.o
 .ARM.attributes
                0x0000000000000193       0x39 _build/app_error_handler_gcc.o
 .ARM.attributes
                0x00000000000001cc       0x39 _build/app_timer.o
 .ARM.attributes
                0x0000000000000205       0x39 _build/app_util_platform.o
 .ARM.attributes
                0x000000000000023e       0x39 _build/before_startup.o
 .ARM.attributes
                0x0000000000000277       0x39 _build/hardfault_handler_gcc.o
 .ARM.attributes
                0x00000000000002b0       0x39 _build/hardfault_implementation.o
 .ARM.attributes
                0x00000000000002e9       0x39 _build/nrf_atomic.o
 .ARM.attributes
                0x0000000000000322       0x39 _build/nrf_balloc.o
 .ARM.attributes
                0x000000000000035b       0x39 _build/nrf_drv_clock.o
 .ARM.attributes
                0x0000000000000394       0x39 _build/nrf_drv_spi.o
 .ARM.attributes
                0x00000000000003cd       0x39 _build/nrf_fprintf.o
 .ARM.attributes
                0x0000000000000406       0x39 _build/nrf_fprintf_format.o
 .ARM.attributes
                0x000000000000043f       0x39 _build/nrf_fstorage.o
 .ARM.attributes
                0x0000000000000478       0x39 _build/nrf_log_backend_rtt.o
 .ARM.attributes
                0x00000000000004b1       0x39 _build/nrf_log_backend_serial.o
 .ARM.attributes
                0x00000000000004ea       0x39 _build/nrf_log_default_backends.o
 .ARM.attributes
                0x0000000000000523       0x39 _build/nrf_log_frontend.o
 .ARM.attributes
                0x000000000000055c       0x39 _build/nrf_log_str_formatter.o
 .ARM.attributes
                0x0000000000000595       0x39 _build/nrf_memobj.o
 .ARM.attributes
                0x00000000000005ce       0x39 _build/nrf_pwr_mgmt.o
 .ARM.attributes
                0x0000000000000607       0x39 _build/nrf_ringbuf.o
 .ARM.attributes
                0x0000000000000640       0x39 _build/nrf_section_iter.o
 .ARM.attributes
                0x0000000000000679       0x39 _build/nrf_strerror.o
 .ARM.attributes
                0x00000000000006b2       0x39 _build/nrfx_clock.o
 .ARM.attributes
                0x00000000000006eb       0x39 _build/nrfx_gpiote.o
 .ARM.attributes
                0x0000000000000724       0x39 _build/nrfx_ppi.o
 .ARM.attributes
                0x000000000000075d       0x39 _build/nrfx_prs.o
 .ARM.attributes
                0x0000000000000796       0x39 _build/nrfx_pwm.o
 .ARM.attributes
                0x00000000000007cf       0x39 _build/nrfx_saadc.o
 .ARM.attributes
                0x0000000000000808       0x39 _build/nrfx_spim.o
 .ARM.attributes
                0x0000000000000841       0x39 _build/nrfx_timer.o
 .ARM.attributes
                0x000000000000087a       0x39 _build/nrfx_twim.o
 .ARM.attributes
                0x00000000000008b3       0x39 _build/nrfx_uart.o
 .ARM.attributes
                0x00000000000008ec       0x39 _build/nrfx_uarte.o
 .ARM.attributes
                0x0000000000000925       0x39 _build/ble_advdata.o
 .ARM.attributes
                0x000000000000095e       0x39 _build/ble_advertising.o
 .ARM.attributes
                0x0000000000000997       0x39 _build/ble_conn_params.o
 .ARM.attributes
                0x00000000000009d0       0x39 _build/ble_srv_common.o
 .ARM.attributes
                0x0000000000000a09       0x39 _build/nrf_ble_gatt.o
 .ARM.attributes
                0x0000000000000a42       0x39 _build/nrf_ble_qwr.o
 .ARM.attributes
                0x0000000000000a7b       0x39 _build/nrf_sdh.o
 .ARM.attributes
                0x0000000000000ab4       0x39 _build/nrf_sdh_ble.o
 .ARM.attributes
                0x0000000000000aed       0x39 _build/simple_ble.o
 .ARM.attributes
                0x0000000000000b26       0x39 _build/system_nrf52.o
 .ARM.attributes